\BOOKMARK [1][-]{section.1}{\376\377\140\073\117\123\151\202\217\360}{}% 1
\BOOKMARK [2][-]{subsection.1.1}{\376\377\230\171\166\356\200\314\146\157\116\016\143\021\142\030}{section.1}% 2
\BOOKMARK [2][-]{subsection.1.2}{\376\377\000C\000o\000S\000t\000r\000i\000c\000t\166\204\150\070\137\303\117\134\165\050}{section.1}% 3
\BOOKMARK [2][-]{subsection.1.3}{\376\377\147\054\142\245\124\112\176\323\147\204}{section.1}% 4
\BOOKMARK [1][-]{section.2}{\376\377\000C\000o\000S\000t\000r\000i\000c\000t\000\040\000A\000I\000\040\177\026\172\013\122\251\142\113\173\200\116\313}{}% 5
\BOOKMARK [2][-]{subsection.2.1}{\376\377\000C\000o\000S\000t\000r\000i\000c\000t\000\040\173\200\116\313}{section.2}% 6
\BOOKMARK [2][-]{subsection.2.2}{\376\377\000C\000o\000S\000t\000r\000i\000c\000t\166\204\116\244\116\222\152\041\137\017}{section.2}% 7
\BOOKMARK [3][-]{subsubsection.2.2.1}{\376\377\133\371\213\335\137\017\116\244\116\222}{subsection.2.2}% 8
\BOOKMARK [3][-]{subsubsection.2.2.2}{\376\377\116\012\116\013\145\207\164\006\211\343}{subsection.2.2}% 9
\BOOKMARK [2][-]{subsection.2.3}{\376\377\127\050\147\054\230\171\166\356\116\055\166\204\136\224\165\050\155\361\136\246}{section.2}% 10
\BOOKMARK [3][-]{subsubsection.2.3.1}{\376\377\227\000\154\102\157\204\156\005}{subsection.2.3}% 11
\BOOKMARK [3][-]{subsubsection.2.3.2}{\376\377\122\237\200\375\142\306\122\006}{subsection.2.3}% 12
\BOOKMARK [3][-]{subsubsection.2.3.3}{\376\377\117\030\121\110\176\247\211\304\122\022}{subsection.2.3}% 13
\BOOKMARK [3][-]{subsubsection.2.3.4}{\376\377\147\266\147\204\213\276\213\241}{subsection.2.3}% 14
\BOOKMARK [3][-]{subsubsection.2.3.5}{\376\377\142\200\147\057\220\011\127\213}{subsection.2.3}% 15
\BOOKMARK [3][-]{subsubsection.2.3.6}{\376\377\145\160\143\156\176\323\147\204\213\276\213\241}{subsection.2.3}% 16
\BOOKMARK [3][-]{subsubsection.2.3.7}{\376\377\137\353\220\037\123\237\127\213\137\000\123\321}{subsection.2.3}% 17
\BOOKMARK [3][-]{subsubsection.2.3.8}{\376\377\131\015\147\102\122\237\200\375\133\236\163\260}{subsection.2.3}% 18
\BOOKMARK [3][-]{subsubsection.2.3.9}{\376\377\116\343\170\001\165\037\142\020}{subsection.2.3}% 19
\BOOKMARK [3][-]{subsubsection.2.3.10}{\376\377\225\356\230\230\213\312\145\255}{subsection.2.3}% 20
\BOOKMARK [3][-]{subsubsection.2.3.11}{\376\377\211\343\121\263\145\271\150\110\143\320\117\233}{subsection.2.3}% 21
\BOOKMARK [3][-]{subsubsection.2.3.12}{\376\377\214\003\213\325\142\200\135\347}{subsection.2.3}% 22
\BOOKMARK [3][-]{subsubsection.2.3.13}{\376\377\140\047\200\375\117\030\123\026}{subsection.2.3}% 23
\BOOKMARK [3][-]{subsubsection.2.3.14}{\376\377\116\343\170\001\221\315\147\204}{subsection.2.3}% 24
\BOOKMARK [3][-]{subsubsection.2.3.15}{\376\377\147\000\117\163\133\236\215\365}{subsection.2.3}% 25
\BOOKMARK [3][-]{subsubsection.2.3.16}{\376\377\155\113\213\325\165\050\117\213\213\276\213\241}{subsection.2.3}% 26
\BOOKMARK [3][-]{subsubsection.2.3.17}{\376\377\155\113\213\325\116\343\170\001\165\037\142\020}{subsection.2.3}% 27
\BOOKMARK [3][-]{subsubsection.2.3.18}{\376\377\116\343\170\001\145\207\150\143}{subsection.2.3}% 28
\BOOKMARK [3][-]{subsubsection.2.3.19}{\376\377\165\050\142\067\145\207\150\143}{subsection.2.3}% 29
\BOOKMARK [2][-]{subsection.2.4}{\376\377\000C\000o\000S\000t\000r\000i\000c\000t\127\050\147\054\230\171\166\356\116\055\166\204\117\177\165\050\176\337\213\241}{section.2}% 30
\BOOKMARK [1][-]{section.3}{\376\377\121\167\117\123\136\224\165\050\127\072\146\157}{}% 31
\BOOKMARK [2][-]{subsection.3.1}{\376\377\230\171\166\356\147\266\147\204\213\276\213\241}{section.3}% 32
\BOOKMARK [3][-]{subsubsection.3.1.1}{\376\377\227\000\154\102\143\317\217\360}{subsection.3.1}% 33
\BOOKMARK [3][-]{subsubsection.3.1.2}{\376\377\000C\000o\000S\000t\000r\000i\000c\000t\000\040\211\343\121\263\145\271\150\110}{subsection.3.1}% 34
\BOOKMARK [2][-]{subsection.3.2}{\376\377\150\041\126\355\130\231\160\271\215\136\174\373\176\337\133\236\163\260}{section.3}% 35
\BOOKMARK [3][-]{subsubsection.3.2.1}{\376\377\227\000\154\102\143\317\217\360}{subsection.3.2}% 36
\BOOKMARK [3][-]{subsubsection.3.2.2}{\376\377\000C\000o\000S\000t\000r\000i\000c\000t\000\040\211\343\121\263\145\271\150\110}{subsection.3.2}% 37
\BOOKMARK [2][-]{subsection.3.3}{\376\377\150\041\126\355\130\231\135\114\131\127\213\304\213\272\122\237\200\375\133\236\163\260}{section.3}% 38
\BOOKMARK [3][-]{subsubsection.3.3.1}{\376\377\227\000\154\102\143\317\217\360}{subsection.3.3}% 39
\BOOKMARK [3][-]{subsubsection.3.3.2}{\376\377\000C\000o\000S\000t\000r\000i\000c\000t\000\040\211\343\121\263\145\271\150\110}{subsection.3.3}% 40
\BOOKMARK [2][-]{subsection.3.4}{\376\377\145\160\143\156\143\001\116\105\123\026\225\356\230\230\143\222\147\345\116\016\117\356\131\015}{section.3}% 41
\BOOKMARK [3][-]{subsubsection.3.4.1}{\376\377\225\356\230\230\143\317\217\360}{subsection.3.4}% 42
\BOOKMARK [3][-]{subsubsection.3.4.2}{\376\377\000C\000o\000S\000t\000r\000i\000c\000t\000\040\211\343\121\263\145\271\150\110}{subsection.3.4}% 43
\BOOKMARK [2][-]{subsection.3.5}{\376\377\123\321\163\260\147\013\123\313\174\373\176\337\377\032\171\076\116\244\123\071\221\115\173\227\154\325\133\236\163\260}{section.3}% 44
\BOOKMARK [3][-]{subsubsection.3.5.1}{\376\377\227\000\154\102\143\317\217\360}{subsection.3.5}% 45
\BOOKMARK [3][-]{subsubsection.3.5.2}{\376\377\000C\000o\000S\000t\000r\000i\000c\000t\000\040\211\343\121\263\145\271\150\110}{subsection.3.5}% 46
\BOOKMARK [2][-]{subsection.3.6}{\376\377\146\172\200\375\133\371\213\335\174\373\176\337\133\236\163\260}{section.3}% 47
\BOOKMARK [3][-]{subsubsection.3.6.1}{\376\377\227\000\154\102\143\317\217\360}{subsection.3.6}% 48
\BOOKMARK [3][-]{subsubsection.3.6.2}{\376\377\000C\000o\000S\000t\000r\000i\000c\000t\000\040\211\343\121\263\145\271\150\110}{subsection.3.6}% 49
\BOOKMARK [2][-]{subsection.3.7}{\376\377\122\237\200\375\232\214\213\301\116\016\155\113\213\325}{section.3}% 50
\BOOKMARK [1][-]{section.4}{\376\377\137\000\123\321\217\307\172\013\116\055\166\204\143\021\142\030\116\016\211\343\121\263\145\271\150\110}{}% 51
\BOOKMARK [2][-]{subsection.4.1}{\376\377\143\021\142\030\0001\377\032\145\160\143\156\143\001\116\105\123\026\225\356\230\230}{section.4}% 52
\BOOKMARK [3][-]{subsubsection.4.1.1}{\376\377\225\356\230\230\143\317\217\360}{subsection.4.1}% 53
\BOOKMARK [3][-]{subsubsection.4.1.2}{\376\377\123\237\126\340\122\006\147\220}{subsection.4.1}% 54
\BOOKMARK [3][-]{subsubsection.4.1.3}{\376\377\211\343\121\263\145\271\150\110}{subsection.4.1}% 55
\BOOKMARK [3][-]{subsubsection.4.1.4}{\376\377\133\236\145\275\145\110\147\234}{subsection.4.1}% 56
\BOOKMARK [2][-]{subsection.4.2}{\376\377\143\021\142\030\0002\377\032\152\041\127\127\225\364\220\032\117\341\225\356\230\230}{section.4}% 57
\BOOKMARK [3][-]{subsubsection.4.2.1}{\376\377\225\356\230\230\143\317\217\360}{subsection.4.2}% 58
\BOOKMARK [3][-]{subsubsection.4.2.2}{\376\377\211\343\121\263\145\271\150\110}{subsection.4.2}% 59
\BOOKMARK [3][-]{subsubsection.4.2.3}{\376\377\133\236\145\275\145\110\147\234}{subsection.4.2}% 60
\BOOKMARK [2][-]{subsection.4.3}{\376\377\143\021\142\030\0003\377\032\140\047\200\375\117\030\123\026\225\356\230\230}{section.4}% 61
\BOOKMARK [3][-]{subsubsection.4.3.1}{\376\377\225\356\230\230\143\317\217\360}{subsection.4.3}% 62
\BOOKMARK [3][-]{subsubsection.4.3.2}{\376\377\211\343\121\263\145\271\150\110}{subsection.4.3}% 63
\BOOKMARK [3][-]{subsubsection.4.3.3}{\376\377\133\236\145\275\145\110\147\234}{subsection.4.3}% 64
\BOOKMARK [1][-]{section.5}{\376\377\000C\000o\000S\000t\000r\000i\000c\000t\117\177\165\050\142\200\135\347\116\016\147\000\117\163\133\236\215\365}{}% 65
\BOOKMARK [2][-]{subsection.5.1}{\376\377\131\202\117\125\143\320\121\372\131\175\166\204\225\356\230\230}{section.5}% 66
\BOOKMARK [2][-]{subsection.5.2}{\376\377\131\175\166\204\143\320\225\356\150\007\121\306}{section.5}% 67
\BOOKMARK [3][-]{subsubsection.5.2.1}{\376\377\150\007\121\306\0001\377\032\146\016\170\156\227\000\154\102\124\214\166\356\150\007}{subsection.5.2}% 68
\BOOKMARK [3][-]{subsubsection.5.2.2}{\376\377\150\007\121\306\0002\377\032\143\320\117\233\116\012\116\013\145\207\117\341\140\157}{subsection.5.2}% 69
\BOOKMARK [3][-]{subsubsection.5.2.3}{\376\377\150\007\121\306\0003\377\032\213\364\146\016\135\362\134\035\213\325\166\204\145\271\154\325}{subsection.5.2}% 70
\BOOKMARK [3][-]{subsubsection.5.2.4}{\376\377\150\007\121\306\0004\377\032\143\317\217\360\147\037\147\033\166\204\176\323\147\234}{subsection.5.2}% 71
\BOOKMARK [2][-]{subsection.5.3}{\376\377\143\320\225\356\152\041\147\177}{section.5}% 72
\BOOKMARK [3][-]{subsubsection.5.3.1}{\376\377\145\105\226\234\143\222\147\345\152\041\147\177}{subsection.5.3}% 73
\BOOKMARK [3][-]{subsubsection.5.3.2}{\376\377\122\237\200\375\133\236\163\260\152\041\147\177}{subsection.5.3}% 74
\BOOKMARK [2][-]{subsection.5.4}{\376\377\116\016\000C\000o\000S\000t\000r\000i\000c\000t\116\244\116\222\166\204\142\200\135\347}{section.5}% 75
\BOOKMARK [3][-]{subsubsection.5.4.1}{\376\377\142\200\135\347\0001\377\032\122\006\153\145\143\320\225\356}{subsection.5.4}% 76
\BOOKMARK [3][-]{subsubsection.5.4.2}{\376\377\142\200\135\347\0002\377\032\143\320\117\233\116\343\170\001\171\072\117\213}{subsection.5.4}% 77
\BOOKMARK [3][-]{subsubsection.5.4.3}{\376\377\142\200\135\347\0003\377\032\211\201\154\102\211\343\221\312\124\214\154\350\221\312}{subsection.5.4}% 78
\BOOKMARK [3][-]{subsubsection.5.4.4}{\376\377\142\200\135\347\0004\377\032\211\201\154\102\131\032\171\315\145\271\150\110}{subsection.5.4}% 79
\BOOKMARK [3][-]{subsubsection.5.4.5}{\376\377\142\200\135\347\0005\377\032\217\355\116\343\117\030\123\026}{subsection.5.4}% 80
\BOOKMARK [2][-]{subsection.5.5}{\376\377\232\214\213\301\124\214\155\113\213\325}{section.5}% 81
\BOOKMARK [3][-]{subsubsection.5.5.1}{\376\377\232\214\213\301\145\271\154\325}{subsection.5.5}% 82
\BOOKMARK [3][-]{subsubsection.5.5.2}{\376\377\225\356\230\230\123\315\231\210}{subsection.5.5}% 83
\BOOKMARK [1][-]{section.6}{\376\377\133\371\153\324\122\006\147\220\116\016\116\367\120\074\213\304\117\060}{}% 84
\BOOKMARK [2][-]{subsection.6.1}{\376\377\117\040\176\337\177\026\172\013\000\040\000v\000s\000\040\000A\000I\217\205\122\251\177\026\172\013}{section.6}% 85
\BOOKMARK [2][-]{subsection.6.2}{\376\377\137\000\123\321\145\110\163\207\133\371\153\324}{section.6}% 86
\BOOKMARK [2][-]{subsection.6.3}{\376\377\133\236\226\105\145\160\143\156\133\371\153\324}{section.6}% 87
\BOOKMARK [2][-]{subsection.6.4}{\376\377\142\020\147\054\145\110\166\312\122\006\147\220}{section.6}% 88
\BOOKMARK [2][-]{subsection.6.5}{\376\377\220\002\165\050\127\072\146\157\122\006\147\220}{section.6}% 89
\BOOKMARK [2][-]{subsection.6.6}{\376\377\000C\000o\000S\000t\000r\000i\000c\000t\166\204\150\070\137\303\116\367\120\074}{section.6}% 90
\BOOKMARK [1][-]{section.7}{\376\377\140\073\176\323\116\016\134\125\147\033}{}% 91
\BOOKMARK [2][-]{subsection.7.1}{\376\377\140\073\176\323}{section.7}% 92
\BOOKMARK [2][-]{subsection.7.2}{\376\377\000A\000I\177\026\172\013\166\204\147\052\147\145\134\125\147\033}{section.7}% 93
\BOOKMARK [2][-]{subsection.7.3}{\376\377\133\371\137\000\123\321\200\005\166\204\137\161\124\315}{section.7}% 94
\BOOKMARK [2][-]{subsection.7.4}{\376\377\133\236\215\365\136\372\213\256}{section.7}% 95
\BOOKMARK [2][-]{subsection.7.5}{\376\377\176\323\213\355}{section.7}% 96
