This is XeTeX, Version 3.141592653-2.6-0.999997 (TeX Live 2025) (preloaded format=xelatex 2025.8.30)  4 JAN 2026 13:41
entering extended mode
 restricted \write18 enabled.
 %&-line parsing enabled.
**AI编程使用报告.tex
(./AI编程使用报告.tex
LaTeX2e <2024-11-01> patch level 2
L3 programming layer <2025-01-18>
(e:/Program Files/LateX/texlive/2025/texmf-dist/tex/latex/base/article.cls
Document Class: article 2024/06/29 v1.4n Standard LaTeX document class
(e:/Program Files/LateX/texlive/2025/texmf-dist/tex/latex/base/size12.clo
File: size12.clo 2024/06/29 v1.4n Standard LaTeX file (size option)
)
\c@part=\count192
\c@section=\count193
\c@subsection=\count194
\c@subsubsection=\count195
\c@paragraph=\count196
\c@subparagraph=\count197
\c@figure=\count198
\c@table=\count199
\abovecaptionskip=\skip49
\belowcaptionskip=\skip50
\bibindent=\dimen141
)
(e:/Program Files/LateX/texlive/2025/texmf-dist/tex/latex/ctex/ctex.sty
(e:/Program Files/LateX/texlive/2025/texmf-dist/tex/latex/l3kernel/expl3.sty
Package: expl3 2025-01-18 L3 programming layer (loader) 

(e:/Program Files/LateX/texlive/2025/texmf-dist/tex/latex/l3backend/l3backend-x
etex.def
File: l3backend-xetex.def 2024-05-08 L3 backend support: XeTeX
\g__graphics_track_int=\count266
\l__pdf_internal_box=\box52
\g__pdf_backend_annotation_int=\count267
\g__pdf_backend_link_int=\count268
))
Package: ctex 2022/07/14 v2.5.10 Chinese adapter in LaTeX (CTEX)

(e:/Program Files/LateX/texlive/2025/texmf-dist/tex/latex/ctex/ctexhook.sty
Package: ctexhook 2022/07/14 v2.5.10 Document and package hooks (CTEX)
)
(e:/Program Files/LateX/texlive/2025/texmf-dist/tex/latex/ctex/ctexpatch.sty
Package: ctexpatch 2022/07/14 v2.5.10 Patching commands (CTEX)
)
(e:/Program Files/LateX/texlive/2025/texmf-dist/tex/latex/base/fix-cm.sty
Package: fix-cm 2020/11/24 v1.1t fixes to LaTeX

(e:/Program Files/LateX/texlive/2025/texmf-dist/tex/latex/base/ts1enc.def
File: ts1enc.def 2001/06/05 v3.0e (jk/car/fm) Standard LaTeX file
LaTeX Font Info:    Redeclaring font encoding TS1 on input line 47.
))
\l__ctex_tmp_int=\count269
\l__ctex_tmp_box=\box53
\l__ctex_tmp_dim=\dimen142
\g__ctex_section_depth_int=\count270
\g__ctex_font_size_int=\count271

(e:/Program Files/LateX/texlive/2025/texmf-dist/tex/latex/ctex/config/ctexopts.
cfg
File: ctexopts.cfg 2022/07/14 v2.5.10 Option configuration file (CTEX)
)
(e:/Program Files/LateX/texlive/2025/texmf-dist/tex/latex/ctex/engine/ctex-engi
ne-xetex.def
File: ctex-engine-xetex.def 2022/07/14 v2.5.10 XeLaTeX adapter (CTEX)

(e:/Program Files/LateX/texlive/2025/texmf-dist/tex/xelatex/xecjk/xeCJK.sty
Package: xeCJK 2022/08/05 v3.9.1 Typesetting CJK scripts with XeLaTeX

(e:/Program Files/LateX/texlive/2025/texmf-dist/tex/latex/l3packages/xtemplate/
xtemplate.sty
Package: xtemplate 2024-08-16 L3 Experimental prototype document functions
)
\l__xeCJK_tmp_int=\count272
\l__xeCJK_tmp_box=\box54
\l__xeCJK_tmp_dim=\dimen143
\l__xeCJK_tmp_skip=\skip51
\g__xeCJK_space_factor_int=\count273
\l__xeCJK_begin_int=\count274
\l__xeCJK_end_int=\count275
\c__xeCJK_CJK_class_int=\XeTeXcharclass1
\c__xeCJK_FullLeft_class_int=\XeTeXcharclass2
\c__xeCJK_FullRight_class_int=\XeTeXcharclass3
\c__xeCJK_HalfLeft_class_int=\XeTeXcharclass4
\c__xeCJK_HalfRight_class_int=\XeTeXcharclass5
\c__xeCJK_NormalSpace_class_int=\XeTeXcharclass6
\c__xeCJK_CM_class_int=\XeTeXcharclass7
\c__xeCJK_HangulJamo_class_int=\XeTeXcharclass8
\l__xeCJK_last_skip=\skip52
\c__xeCJK_none_node=\count276
\g__xeCJK_node_int=\count277
\c__xeCJK_CJK_node_dim=\dimen144
\c__xeCJK_CJK-space_node_dim=\dimen145
\c__xeCJK_default_node_dim=\dimen146
\c__xeCJK_CJK-widow_node_dim=\dimen147
\c__xeCJK_normalspace_node_dim=\dimen148
\c__xeCJK_default-space_node_skip=\skip53
\l__xeCJK_ccglue_skip=\skip54
\l__xeCJK_ecglue_skip=\skip55
\l__xeCJK_punct_kern_skip=\skip56
\l__xeCJK_indent_box=\box55
\l__xeCJK_last_penalty_int=\count278
\l__xeCJK_last_bound_dim=\dimen149
\l__xeCJK_last_kern_dim=\dimen150
\l__xeCJK_widow_penalty_int=\count279

LaTeX template Info: Declaring template type 'xeCJK/punctuation' taking 0
(template)           argument(s) on line 2396.

\l__xeCJK_fixed_punct_width_dim=\dimen151
\l__xeCJK_mixed_punct_width_dim=\dimen152
\l__xeCJK_middle_punct_width_dim=\dimen153
\l__xeCJK_fixed_margin_width_dim=\dimen154
\l__xeCJK_mixed_margin_width_dim=\dimen155
\l__xeCJK_middle_margin_width_dim=\dimen156
\l__xeCJK_bound_punct_width_dim=\dimen157
\l__xeCJK_bound_margin_width_dim=\dimen158
\l__xeCJK_margin_minimum_dim=\dimen159
\l__xeCJK_kerning_total_width_dim=\dimen160
\l__xeCJK_same_align_margin_dim=\dimen161
\l__xeCJK_different_align_margin_dim=\dimen162
\l__xeCJK_kerning_margin_width_dim=\dimen163
\l__xeCJK_kerning_margin_minimum_dim=\dimen164
\l__xeCJK_bound_dim=\dimen165
\l__xeCJK_reverse_bound_dim=\dimen166
\l__xeCJK_margin_dim=\dimen167
\l__xeCJK_minimum_bound_dim=\dimen168
\l__xeCJK_kerning_margin_dim=\dimen169
\g__xeCJK_family_int=\count280
\l__xeCJK_fam_int=\count281
\g__xeCJK_fam_allocation_int=\count282
\l__xeCJK_verb_case_int=\count283
\l__xeCJK_verb_exspace_skip=\skip57

(e:/Program Files/LateX/texlive/2025/texmf-dist/tex/latex/fontspec/fontspec.sty

(e:/Program Files/LateX/texlive/2025/texmf-dist/tex/latex/l3packages/xparse/xpa
rse.sty
Package: xparse 2024-08-16 L3 Experimental document command parser
)
Package: fontspec 2024/05/11 v2.9e Font selection for XeLaTeX and LuaLaTeX

(e:/Program Files/LateX/texlive/2025/texmf-dist/tex/latex/fontspec/fontspec-xet
ex.sty
Package: fontspec-xetex 2024/05/11 v2.9e Font selection for XeLaTeX and LuaLaTe
X
\l__fontspec_script_int=\count284
\l__fontspec_language_int=\count285
\l__fontspec_strnum_int=\count286
\l__fontspec_tmp_int=\count287
\l__fontspec_tmpa_int=\count288
\l__fontspec_tmpb_int=\count289
\l__fontspec_tmpc_int=\count290
\l__fontspec_em_int=\count291
\l__fontspec_emdef_int=\count292
\l__fontspec_strong_int=\count293
\l__fontspec_strongdef_int=\count294
\l__fontspec_tmpa_dim=\dimen170
\l__fontspec_tmpb_dim=\dimen171
\l__fontspec_tmpc_dim=\dimen172

(e:/Program Files/LateX/texlive/2025/texmf-dist/tex/latex/base/fontenc.sty
Package: fontenc 2021/04/29 v2.0v Standard LaTeX package
)
(e:/Program Files/LateX/texlive/2025/texmf-dist/tex/latex/fontspec/fontspec.cfg
))) (e:/Program Files/LateX/texlive/2025/texmf-dist/tex/xelatex/xecjk/xeCJK.cfg
File: xeCJK.cfg 2022/08/05 v3.9.1 Configuration file for xeCJK package
))
\ccwd=\dimen173
\l__ctex_ccglue_skip=\skip58
)
\l__ctex_ziju_dim=\dimen174

(e:/Program Files/LateX/texlive/2025/texmf-dist/tex/latex/zhnumber/zhnumber.sty
Package: zhnumber 2022/07/14 v3.0 Typesetting numbers with Chinese glyphs
\l__zhnum_scale_int=\count295
\l__zhnum_tmp_int=\count296

(e:/Program Files/LateX/texlive/2025/texmf-dist/tex/latex/zhnumber/zhnumber-utf
8.cfg
File: zhnumber-utf8.cfg 2022/07/14 v3.0 Chinese numerals with UTF8 encoding
))
(e:/Program Files/LateX/texlive/2025/texmf-dist/tex/latex/ctex/scheme/ctex-sche
me-chinese.def
File: ctex-scheme-chinese.def 2022/07/14 v2.5.10 Chinese scheme for generic (CT
EX)

(e:/Program Files/LateX/texlive/2025/texmf-dist/tex/latex/ctex/config/ctex-name
-utf8.cfg
File: ctex-name-utf8.cfg 2022/07/14 v2.5.10 Caption with encoding UTF-8 (CTEX)
))
(e:/Program Files/LateX/texlive/2025/texmf-dist/tex/latex/tools/indentfirst.sty
Package: indentfirst 2023/07/02 v1.03 Indent first paragraph (DPC)
)
(e:/Program Files/LateX/texlive/2025/texmf-dist/tex/latex/ctex/fontset/ctex-fon
tset-windows.def
File: ctex-fontset-windows.def 2022/07/14 v2.5.10 Windows fonts definition (CTE
X)

Package fontspec Info: 
(fontspec)             Could not resolve font "KaiTi/B" (it probably doesn't
(fontspec)             exist).


Package fontspec Info: 
(fontspec)             Could not resolve font "SimHei/I" (it probably doesn't
(fontspec)             exist).


Package fontspec Info: 
(fontspec)             Could not resolve font "SimSun/BI" (it probably doesn't
(fontspec)             exist).


Package fontspec Info: 
(fontspec)             Font family 'SimSun(0)' created for font 'SimSun' with
(fontspec)             options
(fontspec)             [Script={CJK},BoldFont={SimHei},ItalicFont={KaiTi}].
(fontspec)              
(fontspec)              This font family consists of the following NFSS
(fontspec)             series/shapes:
(fontspec)              
(fontspec)             - 'normal' (m/n) with NFSS spec.:
(fontspec)             <->"SimSun/OT:script=hani;language=dflt;"
(fontspec)             - 'bold' (b/n) with NFSS spec.:
(fontspec)             <->"SimHei/OT:script=hani;language=dflt;"
(fontspec)             - 'italic' (m/it) with NFSS spec.:
(fontspec)             <->"KaiTi/OT:script=hani;language=dflt;"

))
(e:/Program Files/LateX/texlive/2025/texmf-dist/tex/latex/ctex/config/ctex.cfg
File: ctex.cfg 2022/07/14 v2.5.10 Configuration file (CTEX)
)
(e:/Program Files/LateX/texlive/2025/texmf-dist/tex/latex/geometry/geometry.sty
Package: geometry 2020/01/02 v5.9 Page Geometry
(e:/Program Files/LateX/texlive/2025/texmf-dist/tex/latex/graphics/keyval.sty
Package: keyval 2022/05/29 v1.15 key=value parser (DPC)
\KV@toks@=\toks17
)
(e:/Program Files/LateX/texlive/2025/texmf-dist/tex/generic/iftex/ifvtex.sty
Package: ifvtex 2019/10/25 v1.7 ifvtex legacy package. Use iftex instead.

(e:/Program Files/LateX/texlive/2025/texmf-dist/tex/generic/iftex/iftex.sty
Package: iftex 2024/12/12 v1.0g TeX engine tests
))
\Gm@cnth=\count297
\Gm@cntv=\count298
\c@Gm@tempcnt=\count299
\Gm@bindingoffset=\dimen175
\Gm@wd@mp=\dimen176
\Gm@odd@mp=\dimen177
\Gm@even@mp=\dimen178
\Gm@layoutwidth=\dimen179
\Gm@layoutheight=\dimen180
\Gm@layouthoffset=\dimen181
\Gm@layoutvoffset=\dimen182
\Gm@dimlist=\toks18
)
(e:/Program Files/LateX/texlive/2025/texmf-dist/tex/latex/graphics/graphicx.sty
Package: graphicx 2021/09/16 v1.2d Enhanced LaTeX Graphics (DPC,SPQR)

(e:/Program Files/LateX/texlive/2025/texmf-dist/tex/latex/graphics/graphics.sty
Package: graphics 2024/08/06 v1.4g Standard LaTeX Graphics (DPC,SPQR)
(e:/Program Files/LateX/texlive/2025/texmf-dist/tex/latex/graphics/trig.sty
Package: trig 2023/12/02 v1.11 sin cos tan (DPC)
)
(e:/Program Files/LateX/texlive/2025/texmf-dist/tex/latex/graphics-cfg/graphics
.cfg
File: graphics.cfg 2016/06/04 v1.11 sample graphics configuration
)
Package graphics Info: Driver file: xetex.def on input line 106.

(e:/Program Files/LateX/texlive/2025/texmf-dist/tex/latex/graphics-def/xetex.de
f
File: xetex.def 2022/09/22 v5.0n Graphics/color driver for xetex
))
\Gin@req@height=\dimen183
\Gin@req@width=\dimen184
)
(e:/Program Files/LateX/texlive/2025/texmf-dist/tex/latex/hyperref/hyperref.sty
Package: hyperref 2024-11-05 v7.01l Hypertext links for LaTeX

(e:/Program Files/LateX/texlive/2025/texmf-dist/tex/latex/kvsetkeys/kvsetkeys.s
ty
Package: kvsetkeys 2022-10-05 v1.19 Key value parser (HO)
)
(e:/Program Files/LateX/texlive/2025/texmf-dist/tex/generic/kvdefinekeys/kvdefi
nekeys.sty
Package: kvdefinekeys 2019-12-19 v1.6 Define keys (HO)
)
(e:/Program Files/LateX/texlive/2025/texmf-dist/tex/generic/pdfescape/pdfescape
.sty
Package: pdfescape 2019/12/09 v1.15 Implements pdfTeX's escape features (HO)

(e:/Program Files/LateX/texlive/2025/texmf-dist/tex/generic/ltxcmds/ltxcmds.sty
Package: ltxcmds 2023-12-04 v1.26 LaTeX kernel commands for general use (HO)
)
(e:/Program Files/LateX/texlive/2025/texmf-dist/tex/generic/pdftexcmds/pdftexcm
ds.sty
Package: pdftexcmds 2020-06-27 v0.33 Utility functions of pdfTeX for LuaTeX (HO
)

(e:/Program Files/LateX/texlive/2025/texmf-dist/tex/generic/infwarerr/infwarerr
.sty
Package: infwarerr 2019/12/03 v1.5 Providing info/warning/error messages (HO)
)
Package pdftexcmds Info: \pdf@primitive is available.
Package pdftexcmds Info: \pdf@ifprimitive is available.
Package pdftexcmds Info: \pdfdraftmode not found.
))
(e:/Program Files/LateX/texlive/2025/texmf-dist/tex/latex/hycolor/hycolor.sty
Package: hycolor 2020-01-27 v1.10 Color options for hyperref/bookmark (HO)
)
(e:/Program Files/LateX/texlive/2025/texmf-dist/tex/latex/hyperref/nameref.sty
Package: nameref 2023-11-26 v2.56 Cross-referencing by name of section

(e:/Program Files/LateX/texlive/2025/texmf-dist/tex/latex/refcount/refcount.sty
Package: refcount 2019/12/15 v3.6 Data extraction from label references (HO)
)
(e:/Program Files/LateX/texlive/2025/texmf-dist/tex/generic/gettitlestring/gett
itlestring.sty
Package: gettitlestring 2019/12/15 v1.6 Cleanup title references (HO)

(e:/Program Files/LateX/texlive/2025/texmf-dist/tex/latex/kvoptions/kvoptions.s
ty
Package: kvoptions 2022-06-15 v3.15 Key value format for package options (HO)
))
\c@section@level=\count300
)
(e:/Program Files/LateX/texlive/2025/texmf-dist/tex/latex/etoolbox/etoolbox.sty
Package: etoolbox 2025/02/11 v2.5l e-TeX tools for LaTeX (JAW)
\etb@tempcnta=\count301
)
(e:/Program Files/LateX/texlive/2025/texmf-dist/tex/generic/stringenc/stringenc
.sty
Package: stringenc 2019/11/29 v1.12 Convert strings between diff. encodings (HO
)
)
\@linkdim=\dimen185
\Hy@linkcounter=\count302
\Hy@pagecounter=\count303

(e:/Program Files/LateX/texlive/2025/texmf-dist/tex/latex/hyperref/pd1enc.def
File: pd1enc.def 2024-11-05 v7.01l Hyperref: PDFDocEncoding definition (HO)
)
(e:/Program Files/LateX/texlive/2025/texmf-dist/tex/generic/intcalc/intcalc.sty
Package: intcalc 2019/12/15 v1.3 Expandable calculations with integers (HO)
)
\Hy@SavedSpaceFactor=\count304
 (e:/Program Files/LateX/texlive/2025/texmf-dist/tex/latex/hyperref/puenc.def
File: puenc.def 2024-11-05 v7.01l Hyperref: PDF Unicode definition (HO)
)
Package hyperref Info: Option `unicode' set `true' on input line 4040.
Package hyperref Info: Hyper figures OFF on input line 4157.
Package hyperref Info: Link nesting OFF on input line 4162.
Package hyperref Info: Hyper index ON on input line 4165.
Package hyperref Info: Plain pages OFF on input line 4172.
Package hyperref Info: Backreferencing OFF on input line 4177.
Package hyperref Info: Implicit mode ON; LaTeX internals redefined.
Package hyperref Info: Bookmarks ON on input line 4424.
\c@Hy@tempcnt=\count305
(e:/Program Files/LateX/texlive/2025/texmf-dist/tex/latex/url/url.sty
\Urlmuskip=\muskip17
Package: url 2013/09/16  ver 3.4  Verb mode for urls, etc.
)
LaTeX Info: Redefining \url on input line 4763.
\XeTeXLinkMargin=\dimen186

(e:/Program Files/LateX/texlive/2025/texmf-dist/tex/generic/bitset/bitset.sty
Package: bitset 2019/12/09 v1.3 Handle bit-vector datatype (HO)

(e:/Program Files/LateX/texlive/2025/texmf-dist/tex/generic/bigintcalc/bigintca
lc.sty
Package: bigintcalc 2019/12/15 v1.5 Expandable calculations on big integers (HO
)
))
\Fld@menulength=\count306
\Field@Width=\dimen187
\Fld@charsize=\dimen188
Package hyperref Info: Hyper figures OFF on input line 6042.
Package hyperref Info: Link nesting OFF on input line 6047.
Package hyperref Info: Hyper index ON on input line 6050.
Package hyperref Info: backreferencing OFF on input line 6057.
Package hyperref Info: Link coloring OFF on input line 6062.
Package hyperref Info: Link coloring with OCG OFF on input line 6067.
Package hyperref Info: PDF/A mode OFF on input line 6072.

(e:/Program Files/LateX/texlive/2025/texmf-dist/tex/latex/base/atbegshi-ltx.sty
Package: atbegshi-ltx 2021/01/10 v1.0c Emulation of the original atbegshi
package with kernel methods
)
\Hy@abspage=\count307
\c@Item=\count308
\c@Hfootnote=\count309
)
Package hyperref Info: Driver (autodetected): hxetex.

(e:/Program Files/LateX/texlive/2025/texmf-dist/tex/latex/hyperref/hxetex.def
File: hxetex.def 2024-11-05 v7.01l Hyperref driver for XeTeX
\pdfm@box=\box56
\c@Hy@AnnotLevel=\count310
\HyField@AnnotCount=\count311
\Fld@listcount=\count312
\c@bookmark@seq@number=\count313

(e:/Program Files/LateX/texlive/2025/texmf-dist/tex/latex/rerunfilecheck/rerunf
ilecheck.sty
Package: rerunfilecheck 2022-07-10 v1.10 Rerun checks for auxiliary files (HO)

(e:/Program Files/LateX/texlive/2025/texmf-dist/tex/latex/base/atveryend-ltx.st
y
Package: atveryend-ltx 2020/08/19 v1.0a Emulation of the original atveryend pac
kage
with kernel methods
)
(e:/Program Files/LateX/texlive/2025/texmf-dist/tex/generic/uniquecounter/uniqu
ecounter.sty
Package: uniquecounter 2019/12/15 v1.4 Provide unlimited unique counter (HO)
)
Package uniquecounter Info: New unique counter `rerunfilecheck' on input line 2
85.
)
\Hy@SectionHShift=\skip59
)
(e:/Program Files/LateX/texlive/2025/texmf-dist/tex/latex/listings/listings.sty
\lst@mode=\count314
\lst@gtempboxa=\box57
\lst@token=\toks19
\lst@length=\count315
\lst@currlwidth=\dimen189
\lst@column=\count316
\lst@pos=\count317
\lst@lostspace=\dimen190
\lst@width=\dimen191
\lst@newlines=\count318
\lst@lineno=\count319
\lst@maxwidth=\dimen192

(e:/Program Files/LateX/texlive/2025/texmf-dist/tex/latex/listings/lstpatch.sty
File: lstpatch.sty 2024/09/23 1.10c (Carsten Heinz)
)
(e:/Program Files/LateX/texlive/2025/texmf-dist/tex/latex/listings/lstmisc.sty
File: lstmisc.sty 2024/09/23 1.10c (Carsten Heinz)
\c@lstnumber=\count320
\lst@skipnumbers=\count321
\lst@framebox=\box58
)
(e:/Program Files/LateX/texlive/2025/texmf-dist/tex/latex/listings/listings.cfg
File: listings.cfg 2024/09/23 1.10c listings configuration
))
Package: listings 2024/09/23 1.10c (Carsten Heinz)

(e:/Program Files/LateX/texlive/2025/texmf-dist/tex/xelatex/xecjk/xeCJK-listing
s.sty
Package: xeCJK-listings 2022/08/05 v3.9.1 xeCJK patch file for listings
\l__xeCJK_listings_max_char_int=\count322
\l__xeCJK_listings_flag_int=\count323
)
(e:/Program Files/LateX/texlive/2025/texmf-dist/tex/latex/xcolor/xcolor.sty
Package: xcolor 2024/09/29 v3.02 LaTeX color extensions (UK)

(e:/Program Files/LateX/texlive/2025/texmf-dist/tex/latex/graphics-cfg/color.cf
g
File: color.cfg 2016/01/02 v1.6 sample color configuration
)
Package xcolor Info: Driver file: xetex.def on input line 274.

(e:/Program Files/LateX/texlive/2025/texmf-dist/tex/latex/graphics/mathcolor.lt
x)
Package xcolor Info: Model `cmy' substituted by `cmy0' on input line 1349.
Package xcolor Info: Model `RGB' extended on input line 1365.
Package xcolor Info: Model `HTML' substituted by `rgb' on input line 1367.
Package xcolor Info: Model `Hsb' substituted by `hsb' on input line 1368.
Package xcolor Info: Model `tHsb' substituted by `hsb' on input line 1369.
Package xcolor Info: Model `HSB' substituted by `hsb' on input line 1370.
Package xcolor Info: Model `Gray' substituted by `gray' on input line 1371.
Package xcolor Info: Model `wave' substituted by `hsb' on input line 1372.
)
(e:/Program Files/LateX/texlive/2025/texmf-dist/tex/latex/booktabs/booktabs.sty
Package: booktabs 2020/01/12 v1.61803398 Publication quality tables
\heavyrulewidth=\dimen193
\lightrulewidth=\dimen194
\cmidrulewidth=\dimen195
\belowrulesep=\dimen196
\belowbottomsep=\dimen197
\aboverulesep=\dimen198
\abovetopsep=\dimen199
\cmidrulesep=\dimen256
\cmidrulekern=\dimen257
\defaultaddspace=\dimen258
\@cmidla=\count324
\@cmidlb=\count325
\@aboverulesep=\dimen259
\@belowrulesep=\dimen260
\@thisruleclass=\count326
\@lastruleclass=\count327
\@thisrulewidth=\dimen261
)
(e:/Program Files/LateX/texlive/2025/texmf-dist/tex/latex/enumitem/enumitem.sty
Package: enumitem 2025/02/06 v3.11 Customized lists
\labelindent=\skip60
\enit@outerparindent=\dimen262
\enit@toks=\toks20
\enit@inbox=\box59
\enit@count@id=\count328
\enitdp@description=\count329
)
(e:/Program Files/LateX/texlive/2025/texmf-dist/tex/latex/fancyvrb/fancyvrb.sty
Package: fancyvrb 2024/01/20 4.5c verbatim text (tvz,hv)
\FV@CodeLineNo=\count330
\FV@InFile=\read2
\FV@TabBox=\box60
\c@FancyVerbLine=\count331
\FV@StepNumber=\count332
\FV@OutFile=\write3
) (e:/Program Files/LateX/texlive/2025/texmf-dist/tex/latex/psnfss/pifont.sty
Package: pifont 2020/03/25 PSNFSS-v9.3 Pi font support (SPQR) 
LaTeX Font Info:    Trying to load font information for U+pzd on input line 63.


(e:/Program Files/LateX/texlive/2025/texmf-dist/tex/latex/psnfss/upzd.fd
File: upzd.fd 2001/06/04 font definitions for U/pzd.
)
LaTeX Font Info:    Trying to load font information for U+psy on input line 64.


(e:/Program Files/LateX/texlive/2025/texmf-dist/tex/latex/psnfss/upsy.fd
File: upsy.fd 2001/06/04 font definitions for U/psy.
))
(./AI编程使用报告.aux)
\openout1 = `AI编程使用报告.aux'.

LaTeX Font Info:    Checking defaults for OML/cmm/m/it on input line 95.
LaTeX Font Info:    ... okay on input line 95.
LaTeX Font Info:    Checking defaults for OMS/cmsy/m/n on input line 95.
LaTeX Font Info:    ... okay on input line 95.
LaTeX Font Info:    Checking defaults for OT1/cmr/m/n on input line 95.
LaTeX Font Info:    ... okay on input line 95.
LaTeX Font Info:    Checking defaults for T1/cmr/m/n on input line 95.
LaTeX Font Info:    ... okay on input line 95.
LaTeX Font Info:    Checking defaults for TS1/cmr/m/n on input line 95.
LaTeX Font Info:    ... okay on input line 95.
LaTeX Font Info:    Checking defaults for TU/lmr/m/n on input line 95.
LaTeX Font Info:    ... okay on input line 95.
LaTeX Font Info:    Checking defaults for OMX/cmex/m/n on input line 95.
LaTeX Font Info:    ... okay on input line 95.
LaTeX Font Info:    Checking defaults for U/cmr/m/n on input line 95.
LaTeX Font Info:    ... okay on input line 95.
LaTeX Font Info:    Checking defaults for PD1/pdf/m/n on input line 95.
LaTeX Font Info:    ... okay on input line 95.
LaTeX Font Info:    Checking defaults for PU/pdf/m/n on input line 95.
LaTeX Font Info:    ... okay on input line 95.

Package fontspec Info: 
(fontspec)             Adjusting the maths setup (use [no-math] to avoid
(fontspec)             this).

\symlegacymaths=\mathgroup4
LaTeX Font Info:    Overwriting symbol font `legacymaths' in version `bold'
(Font)                  OT1/cmr/m/n --> OT1/cmr/bx/n on input line 95.
LaTeX Font Info:    Redeclaring math accent \acute on input line 95.
LaTeX Font Info:    Redeclaring math accent \grave on input line 95.
LaTeX Font Info:    Redeclaring math accent \ddot on input line 95.
LaTeX Font Info:    Redeclaring math accent \tilde on input line 95.
LaTeX Font Info:    Redeclaring math accent \bar on input line 95.
LaTeX Font Info:    Redeclaring math accent \breve on input line 95.
LaTeX Font Info:    Redeclaring math accent \check on input line 95.
LaTeX Font Info:    Redeclaring math accent \hat on input line 95.
LaTeX Font Info:    Redeclaring math accent \dot on input line 95.
LaTeX Font Info:    Redeclaring math accent \mathring on input line 95.
LaTeX Font Info:    Redeclaring math symbol \colon on input line 95.
LaTeX Font Info:    Redeclaring math symbol \Gamma on input line 95.
LaTeX Font Info:    Redeclaring math symbol \Delta on input line 95.
LaTeX Font Info:    Redeclaring math symbol \Theta on input line 95.
LaTeX Font Info:    Redeclaring math symbol \Lambda on input line 95.
LaTeX Font Info:    Redeclaring math symbol \Xi on input line 95.
LaTeX Font Info:    Redeclaring math symbol \Pi on input line 95.
LaTeX Font Info:    Redeclaring math symbol \Sigma on input line 95.
LaTeX Font Info:    Redeclaring math symbol \Upsilon on input line 95.
LaTeX Font Info:    Redeclaring math symbol \Phi on input line 95.
LaTeX Font Info:    Redeclaring math symbol \Psi on input line 95.
LaTeX Font Info:    Redeclaring math symbol \Omega on input line 95.
LaTeX Font Info:    Redeclaring math symbol \mathdollar on input line 95.
LaTeX Font Info:    Redeclaring symbol font `operators' on input line 95.
LaTeX Font Info:    Encoding `OT1' has changed to `TU' for symbol font
(Font)              `operators' in the math version `normal' on input line 95.
LaTeX Font Info:    Overwriting symbol font `operators' in version `normal'
(Font)                  OT1/cmr/m/n --> TU/lmr/m/n on input line 95.
LaTeX Font Info:    Encoding `OT1' has changed to `TU' for symbol font
(Font)              `operators' in the math version `bold' on input line 95.
LaTeX Font Info:    Overwriting symbol font `operators' in version `bold'
(Font)                  OT1/cmr/bx/n --> TU/lmr/m/n on input line 95.
LaTeX Font Info:    Overwriting symbol font `operators' in version `normal'
(Font)                  TU/lmr/m/n --> TU/lmr/m/n on input line 95.
LaTeX Font Info:    Overwriting math alphabet `\mathit' in version `normal'
(Font)                  OT1/cmr/m/it --> TU/lmr/m/it on input line 95.
LaTeX Font Info:    Overwriting math alphabet `\mathbf' in version `normal'
(Font)                  OT1/cmr/bx/n --> TU/lmr/b/n on input line 95.
LaTeX Font Info:    Overwriting math alphabet `\mathsf' in version `normal'
(Font)                  OT1/cmss/m/n --> TU/lmss/m/n on input line 95.
LaTeX Font Info:    Overwriting math alphabet `\mathtt' in version `normal'
(Font)                  OT1/cmtt/m/n --> TU/lmtt/m/n on input line 95.
LaTeX Font Info:    Overwriting symbol font `operators' in version `bold'
(Font)                  TU/lmr/m/n --> TU/lmr/b/n on input line 95.
LaTeX Font Info:    Overwriting math alphabet `\mathit' in version `bold'
(Font)                  OT1/cmr/bx/it --> TU/lmr/b/it on input line 95.
LaTeX Font Info:    Overwriting math alphabet `\mathsf' in version `bold'
(Font)                  OT1/cmss/bx/n --> TU/lmss/b/n on input line 95.
LaTeX Font Info:    Overwriting math alphabet `\mathtt' in version `bold'
(Font)                  OT1/cmtt/m/n --> TU/lmtt/b/n on input line 95.

*geometry* driver: auto-detecting
*geometry* detected driver: xetex
*geometry* verbose mode - [ preamble ] result:
* driver: xetex
* paper: a4paper
* layout: <same size as paper>
* layoutoffset:(h,v)=(0.0pt,0.0pt)
* modes: 
* h-part:(L,W,R)=(71.13188pt, 455.24411pt, 71.13188pt)
* v-part:(T,H,B)=(71.13188pt, 702.78308pt, 71.13188pt)
* \paperwidth=597.50787pt
* \paperheight=845.04684pt
* \textwidth=455.24411pt
* \textheight=702.78308pt
* \oddsidemargin=-1.1381pt
* \evensidemargin=-1.1381pt
* \topmargin=-38.1381pt
* \headheight=12.0pt
* \headsep=25.0pt
* \topskip=12.0pt
* \footskip=30.0pt
* \marginparwidth=35.0pt
* \marginparsep=10.0pt
* \columnsep=10.0pt
* \skip\footins=10.8pt plus 4.0pt minus 2.0pt
* \hoffset=0.0pt
* \voffset=0.0pt
* \mag=1000
* \@twocolumnfalse
* \@twosidefalse
* \@mparswitchfalse
* \@reversemarginfalse
* (1in=72.27pt=25.4mm, 1cm=28.453pt)

Package hyperref Info: Link coloring OFF on input line 95.
(./AI编程使用报告.out) (./AI编程使用报告.out)
\@outlinefile=\write4
\openout4 = `AI编程使用报告.out'.

\c@lstlisting=\count333
LaTeX Font Info:    External font `cmex10' loaded for size
(Font)              <14.4> on input line 98.
LaTeX Font Info:    External font `cmex10' loaded for size
(Font)              <7> on input line 98.


[1

]

[2]

[3]

[4]

! LaTeX Error: Lonely \item--perhaps a missing list environment.

See the LaTeX manual or LaTeX Companion for explanation.
Type  H <return>  for immediate help.
 ...                                              
                                                  
l.226     \item 灵
                 活性高：可以随时调整需求，CoStrict会根据新的需求生成新的代码
Try typing  <return>  to proceed.
If that doesn't work, type  X <return>  to quit.


Underfull \hbox (badness 10000) detected at line 226
[][]
 []

! Undefined control sequence.
\enit@enditemize ->\enit@after 
                               \endlist \ifx \enit@series \relax \else \ifnu...
l.227 \end{itemize}
                   
The control sequence at the end of the top line
of your error message was never \def'ed. If you have
misspelled it (e.g., `\hobx'), type `I' and the correct
spelling (e.g., `I\hbox'). Otherwise just continue,
and I'll forget about whatever was undefined.

! Undefined control sequence.
\enit@enditemize ...x \else \ifnum \enit@resuming 
                                                  =\@ne \enit@setresumekeys ...
l.227 \end{itemize}
                   
The control sequence at the end of the top line
of your error message was never \def'ed. If you have
misspelled it (e.g., `\hobx'), type `I' and the correct
spelling (e.g., `I\hbox'). Otherwise just continue,
and I'll forget about whatever was undefined.

! Missing number, treated as zero.
<to be read again> 
                   =
l.227 \end{itemize}
                   
A number should have been here; I inserted `0'.
(If you can't figure out why I needed to see a number,
look up `weird error' in the index to The TeXbook.)

! Undefined control sequence.
\enit@setresumekeys ...xpandafter {\enit@savekeys 
                                                  }\xdef \enit@afterlist {#2...
l.227 \end{itemize}
                   
The control sequence at the end of the top line
of your error message was never \def'ed. If you have
misspelled it (e.g., `\hobx'), type `I' and the correct
spelling (e.g., `I\hbox'). Otherwise just continue,
and I'll forget about whatever was undefined.

! Undefined control sequence.
\enit@setresumekeys ...it@toks }\ifnum \enit@type 
                                                  =\z@ #3\def \enit@noexcs {...
l.227 \end{itemize}
                   
The control sequence at the end of the top line
of your error message was never \def'ed. If you have
misspelled it (e.g., `\hobx'), type `I' and the correct
spelling (e.g., `I\hbox'). Otherwise just continue,
and I'll forget about whatever was undefined.

! Missing number, treated as zero.
<to be read again> 
                   =
l.227 \end{itemize}
                   
A number should have been here; I inserted `0'.
(If you can't figure out why I needed to see a number,
look up `weird error' in the index to The TeXbook.)

! Undefined control sequence.
<argument> enit@resume@series@\enit@series 
                                           
l.227 \end{itemize}
                   
The control sequence at the end of the top line
of your error message was never \def'ed. If you have
misspelled it (e.g., `\hobx'), type `I' and the correct
spelling (e.g., `I\hbox'). Otherwise just continue,
and I'll forget about whatever was undefined.

! Undefined control sequence.
\enit@setresumekeys ...me@#1}{\csname c@\@listctr 
                                                  \endcsname \the \csname c@...
l.227 \end{itemize}
                   
The control sequence at the end of the top line
of your error message was never \def'ed. If you have
misspelled it (e.g., `\hobx'), type `I' and the correct
spelling (e.g., `I\hbox'). Otherwise just continue,
and I'll forget about whatever was undefined.

! Undefined control sequence.
\enit@setresumekeys ...e \the \csname c@\@listctr 
                                                  \endcsname }\fi }
l.227 \end{itemize}
                   
The control sequence at the end of the top line
of your error message was never \def'ed. If you have
misspelled it (e.g., `\hobx'), type `I' and the correct
spelling (e.g., `I\hbox'). Otherwise just continue,
and I'll forget about whatever was undefined.

! You can't use `\relax' after \the.
<recently read> \c@ 
                    
l.227 \end{itemize}
                   
I'm forgetting what you said and using zero instead.

! Undefined control sequence.
\enit@enditemize ...ist \fi \ifnum \enit@resuming 
                                                  =\thr@@ \enit@setresumekey...
l.227 \end{itemize}
                   
The control sequence at the end of the top line
of your error message was never \def'ed. If you have
misspelled it (e.g., `\hobx'), type `I' and the correct
spelling (e.g., `I\hbox'). Otherwise just continue,
and I'll forget about whatever was undefined.

! Missing number, treated as zero.
<to be read again> 
                   =
l.227 \end{itemize}
                   
A number should have been here; I inserted `0'.
(If you can't figure out why I needed to see a number,
look up `weird error' in the index to The TeXbook.)

! Undefined control sequence.
\enit@setresumekeys ...xpandafter {\enit@savekeys 
                                                  }\xdef \enit@afterlist {#2...
l.227 \end{itemize}
                   
The control sequence at the end of the top line
of your error message was never \def'ed. If you have
misspelled it (e.g., `\hobx'), type `I' and the correct
spelling (e.g., `I\hbox'). Otherwise just continue,
and I'll forget about whatever was undefined.

! Undefined control sequence.
\enit@setresumekeys ...it@toks }\ifnum \enit@type 
                                                  =\z@ #3\def \enit@noexcs {...
l.227 \end{itemize}
                   
The control sequence at the end of the top line
of your error message was never \def'ed. If you have
misspelled it (e.g., `\hobx'), type `I' and the correct
spelling (e.g., `I\hbox'). Otherwise just continue,
and I'll forget about whatever was undefined.

! Missing number, treated as zero.
<to be read again> 
                   =
l.227 \end{itemize}
                   
A number should have been here; I inserted `0'.
(If you can't figure out why I needed to see a number,
look up `weird error' in the index to The TeXbook.)

! Undefined control sequence.
\enit@setresumekeys ...me@#1}{\csname c@\@listctr 
                                                  \endcsname \the \csname c@...
l.227 \end{itemize}
                   
The control sequence at the end of the top line
of your error message was never \def'ed. If you have
misspelled it (e.g., `\hobx'), type `I' and the correct
spelling (e.g., `I\hbox'). Otherwise just continue,
and I'll forget about whatever was undefined.

! Undefined control sequence.
\enit@setresumekeys ...e \the \csname c@\@listctr 
                                                  \endcsname }\fi }
l.227 \end{itemize}
                   
The control sequence at the end of the top line
of your error message was never \def'ed. If you have
misspelled it (e.g., `\hobx'), type `I' and the correct
spelling (e.g., `I\hbox'). Otherwise just continue,
and I'll forget about whatever was undefined.

! You can't use `\relax' after \the.
<recently read> \c@ 
                    
l.227 \end{itemize}
                   
I'm forgetting what you said and using zero instead.


! LaTeX Error: \begin{document} ended by \end{itemize}.

See the LaTeX manual or LaTeX Companion for explanation.
Type  H <return>  for immediate help.
 ...                                              
                                                  
l.227 \end{itemize}
                   
Your command was ignored.
Type  I <command> <return>  to replace it with another command,
or  <return>  to continue without it.

! Extra \endgroup.
\end  ...end#1\endcsname \@checkend {#1}\endgroup 
                                                  \UseHook {env/#1/after}\if...
l.227 \end{itemize}
                   
Things are pretty mixed up, but I think the worst is over.



[5]

[6]

[7]

[8]
LaTeX Font Info:    External font `cmex10' loaded for size
(Font)              <12> on input line 394.
LaTeX Font Info:    External font `cmex10' loaded for size
(Font)              <8> on input line 394.
LaTeX Font Info:    External font `cmex10' loaded for size
(Font)              <6> on input line 394.


[9]

Package fontspec Info: 
(fontspec)             Could not resolve font "FangSong/BI" (it probably
(fontspec)             doesn't exist).


Package fontspec Info: 
(fontspec)             Could not resolve font "FangSong/B" (it probably
(fontspec)             doesn't exist).


Package fontspec Info: 
(fontspec)             Could not resolve font "FangSong/I" (it probably
(fontspec)             doesn't exist).


Package fontspec Info: 
(fontspec)             Font family 'FangSong(0)' created for font 'FangSong'
(fontspec)             with options [Script={CJK}].
(fontspec)              
(fontspec)              This font family consists of the following NFSS
(fontspec)             series/shapes:
(fontspec)              
(fontspec)             - 'normal' (m/n) with NFSS spec.:
(fontspec)             <->"FangSong/OT:script=hani;language=dflt;"

Package hyperref Info: bookmark level for unknown lstlisting defaults to 0 on i
nput line 455.
LaTeX Font Info:    Font shape `TU/lmtt/bx/n' in size <10> not available
(Font)              Font shape `TU/lmtt/b/n' tried instead on input line 465.


[10]

[11]

[12]
Missing character: There is no ♥ (U+2665) in font [lmmono10-regular]:!
Missing character: There is no ♡ (U+2661) in font [lmmono10-regular]:!


[13]
(e:/Program Files/LateX/texlive/2025/texmf-dist/tex/latex/listings/lstlang1.sty
File: lstlang1.sty 2024/09/23 1.10c listings language file
)
(e:/Program Files/LateX/texlive/2025/texmf-dist/tex/latex/listings/lstlang2.sty
File: lstlang2.sty 2024/09/23 1.10c listings language file
)
(e:/Program Files/LateX/texlive/2025/texmf-dist/tex/latex/listings/lstlang3.sty
File: lstlang3.sty 2024/09/23 1.10c listings language file
)

! Package Listings Error: Couldn't load requested language.

See the Listings package documentation for explanation.
Type  H <return>  for immediate help.
 ...                                              
                                                  
l.613 ...tlisting}[language=CSS, caption={心跳动画效果}]
                                                  
The following languages weren't loadable:
    ,css$
This may cause errors in the sequel.


! Package Listings Error: language css undefined.

See the Listings package documentation for explanation.
Type  H <return>  for immediate help.
 ...                                              
                                                  
l.613 ...tlisting}[language=CSS, caption={心跳动画效果}]
                                                  
The language is not loadable. Try typing  <return>  to proceed.
If that doesn't work, type  X <return>  to quit.



[14]

[15]

[16]

[17]

[18]

[19]
Missing character: There is no ♥ (U+2665) in font [lmmono10-regular]:!


[20]

[21]

[22]

[23]

[24]

[25]

[26]

[27]

[28]

[29]

[30]

[31]

[32]

[33]
(e:/Program Files/LateX/texlive/2025/texmf-dist/tex/latex/listings/lstlang1.sty
File: lstlang1.sty 2024/09/23 1.10c listings language file
)
(e:/Program Files/LateX/texlive/2025/texmf-dist/tex/latex/listings/lstmisc.sty
File: lstmisc.sty 2024/09/23 1.10c (Carsten Heinz)
)

[34]
(e:/Program Files/LateX/texlive/2025/texmf-dist/tex/latex/listings/lstlang1.sty
File: lstlang1.sty 2024/09/23 1.10c listings language file
)
(e:/Program Files/LateX/texlive/2025/texmf-dist/tex/latex/listings/lstlang2.sty
File: lstlang2.sty 2024/09/23 1.10c listings language file
)
(e:/Program Files/LateX/texlive/2025/texmf-dist/tex/latex/listings/lstlang3.sty
File: lstlang3.sty 2024/09/23 1.10c listings language file
)

! Package Listings Error: Couldn't load requested language.

See the Listings package documentation for explanation.
Type  H <return>  for immediate help.
 ...                                              
                                                  
l.1578 ...listing}[language=CSS, caption={发现朋友样式}]
                                                  
The following languages weren't loadable:
    ,css$
This may cause errors in the sequel.


! Package Listings Error: language css undefined.

See the Listings package documentation for explanation.
Type  H <return>  for immediate help.
 ...                                              
                                                  
l.1578 ...listing}[language=CSS, caption={发现朋友样式}]
                                                  
The language is not loadable. Try typing  <return>  to proceed.
If that doesn't work, type  X <return>  to quit.



[35]

[36]

[37]

[38]

[39]

[40]

[41]

[42]

[43]

[44]

[45]

[46]
! Missing $ inserted.
<inserted text> 
                $
l.2107 \begin{array}{l}
                       
I've inserted a begin-math/end-math symbol since I think
you left one out. Proceed, with fingers crossed.

Missing character: There is no 用 (U+7528) in font [lmroman12-regular]:mapping=t
ex-text;!
Missing character: There is no 户 (U+6237) in font [lmroman12-regular]:mapping=t
ex-text;!
Missing character: There is no 输 (U+8F93) in font [lmroman12-regular]:mapping=t
ex-text;!
Missing character: There is no 入 (U+5165) in font [lmroman12-regular]:mapping=t
ex-text;!
! Extra alignment tab has been changed to \cr.
<recently read> \endtemplate 
                             
l.2109 用户输入 &
              AI回复 \\
You have given more \span or & marks than there were
in the preamble to the \halign or \valign now in progress.
So I'll assume that you meant to type \cr instead.

Missing character: There is no 回 (U+56DE) in font [lmroman12-regular]:mapping=t
ex-text;!
Missing character: There is no 复 (U+590D) in font [lmroman12-regular]:mapping=t
ex-text;!
Missing character: There is no 明 (U+660E) in font [lmroman12-regular]:mapping=t
ex-text;!
Missing character: There is no 天 (U+5929) in font [lmroman12-regular]:mapping=t
ex-text;!
Missing character: There is no 有 (U+6709) in font [lmroman12-regular]:mapping=t
ex-text;!
Missing character: There is no 什 (U+4EC0) in font [lmroman12-regular]:mapping=t
ex-text;!
Missing character: There is no 么 (U+4E48) in font [lmroman12-regular]:mapping=t
ex-text;!
Missing character: There is no 课 (U+8BFE) in font [lmroman12-regular]:mapping=t
ex-text;!
Missing character: There is no ？ (U+FF1F) in font [lmroman12-regular]:mapping=t
ex-text;!
! Extra alignment tab has been changed to \cr.
<recently read> \endtemplate 
                             
l.2111 明天有什么课？ &
                 在 2024-01-02 有以下课程：... \\
You have given more \span or & marks than there were
in the preamble to the \halign or \valign now in progress.
So I'll assume that you meant to type \cr instead.

Missing character: There is no 在 (U+5728) in font [lmroman12-regular]:mapping=t
ex-text;!
Missing character: There is no 有 (U+6709) in font [lmroman12-regular]:mapping=t
ex-text;!
Missing character: There is no 以 (U+4EE5) in font [lmroman12-regular]:mapping=t
ex-text;!
Missing character: There is no 下 (U+4E0B) in font [lmroman12-regular]:mapping=t
ex-text;!
Missing character: There is no 课 (U+8BFE) in font [lmroman12-regular]:mapping=t
ex-text;!
Missing character: There is no 程 (U+7A0B) in font [lmroman12-regular]:mapping=t
ex-text;!
Missing character: There is no ： (U+FF1A) in font [lmroman12-regular]:mapping=t
ex-text;!
Missing character: There is no 第 (U+7B2C) in font [lmroman12-regular]:mapping=t
ex-text;!
Missing character: There is no 一 (U+4E00) in font [lmroman12-regular]:mapping=t
ex-text;!
Missing character: There is no 节 (U+8282) in font [lmroman12-regular]:mapping=t
ex-text;!
Missing character: There is no 课 (U+8BFE) in font [lmroman12-regular]:mapping=t
ex-text;!
Missing character: There is no 在 (U+5728) in font [lmroman12-regular]:mapping=t
ex-text;!
Missing character: There is no 哪 (U+54EA) in font [lmroman12-regular]:mapping=t
ex-text;!
Missing character: There is no 个 (U+4E2A) in font [lmroman12-regular]:mapping=t
ex-text;!
Missing character: There is no 教 (U+6559) in font [lmroman12-regular]:mapping=t
ex-text;!
Missing character: There is no 室 (U+5BA4) in font [lmroman12-regular]:mapping=t
ex-text;!
Missing character: There is no ？ (U+FF1F) in font [lmroman12-regular]:mapping=t
ex-text;!
! Extra alignment tab has been changed to \cr.
<recently read> \endtemplate 
                             
l.2113 第一节课在哪个教室？ &
                    根据上下文，第一节课数据结构在B栋201 \\
You have given more \span or & marks than there were
in the preamble to the \halign or \valign now in progress.
So I'll assume that you meant to type \cr instead.

Missing character: There is no 根 (U+6839) in font [lmroman12-regular]:mapping=t
ex-text;!
Missing character: There is no 据 (U+636E) in font [lmroman12-regular]:mapping=t
ex-text;!
Missing character: There is no 上 (U+4E0A) in font [lmroman12-regular]:mapping=t
ex-text;!
Missing character: There is no 下 (U+4E0B) in font [lmroman12-regular]:mapping=t
ex-text;!
Missing character: There is no 文 (U+6587) in font [lmroman12-regular]:mapping=t
ex-text;!
Missing character: There is no ， (U+FF0C) in font [lmroman12-regular]:mapping=t
ex-text;!
Missing character: There is no 第 (U+7B2C) in font [lmroman12-regular]:mapping=t
ex-text;!
Missing character: There is no 一 (U+4E00) in font [lmroman12-regular]:mapping=t
ex-text;!
Missing character: There is no 节 (U+8282) in font [lmroman12-regular]:mapping=t
ex-text;!
Missing character: There is no 课 (U+8BFE) in font [lmroman12-regular]:mapping=t
ex-text;!
Missing character: There is no 数 (U+6570) in font [lmroman12-regular]:mapping=t
ex-text;!
Missing character: There is no 据 (U+636E) in font [lmroman12-regular]:mapping=t
ex-text;!
Missing character: There is no 结 (U+7ED3) in font [lmroman12-regular]:mapping=t
ex-text;!
Missing character: There is no 构 (U+6784) in font [lmroman12-regular]:mapping=t
ex-text;!
Missing character: There is no 在 (U+5728) in font [lmroman12-regular]:mapping=t
ex-text;!
Missing character: There is no 栋 (U+680B) in font [lmroman12-regular]:mapping=t
ex-text;!
Missing character: There is no 好 (U+597D) in font [lmroman12-regular]:mapping=t
ex-text;!
Missing character: There is no 的 (U+7684) in font [lmroman12-regular]:mapping=t
ex-text;!
Missing character: There is no ， (U+FF0C) in font [lmroman12-regular]:mapping=t
ex-text;!
Missing character: There is no 谢 (U+8C22) in font [lmroman12-regular]:mapping=t
ex-text;!
Missing character: There is no 谢 (U+8C22) in font [lmroman12-regular]:mapping=t
ex-text;!
! Extra alignment tab has been changed to \cr.
<recently read> \endtemplate 
                             
l.2115 好的，谢谢 &
               不客气！(开心) \\
You have given more \span or & marks than there were
in the preamble to the \halign or \valign now in progress.
So I'll assume that you meant to type \cr instead.

Missing character: There is no 不 (U+4E0D) in font [lmroman12-regular]:mapping=t
ex-text;!
Missing character: There is no 客 (U+5BA2) in font [lmroman12-regular]:mapping=t
ex-text;!
Missing character: There is no 气 (U+6C14) in font [lmroman12-regular]:mapping=t
ex-text;!
Missing character: There is no ！ (U+FF01) in font [lmroman12-regular]:mapping=t
ex-text;!
Missing character: There is no 开 (U+5F00) in font [lmroman12-regular]:mapping=t
ex-text;!
Missing character: There is no 心 (U+5FC3) in font [lmroman12-regular]:mapping=t
ex-text;!
Missing character: There is no 查 (U+67E5) in font [lmroman12-regular]:mapping=t
ex-text;!
Missing character: There is no 询 (U+8BE2) in font [lmroman12-regular]:mapping=t
ex-text;!
Missing character: There is no 图 (U+56FE) in font [lmroman12-regular]:mapping=t
ex-text;!
Missing character: There is no 书 (U+4E66) in font [lmroman12-regular]:mapping=t
ex-text;!
Missing character: There is no 馆 (U+9986) in font [lmroman12-regular]:mapping=t
ex-text;!
Missing character: There is no 开 (U+5F00) in font [lmroman12-regular]:mapping=t
ex-text;!
Missing character: There is no 放 (U+653E) in font [lmroman12-regular]:mapping=t
ex-text;!
Missing character: There is no 时 (U+65F6) in font [lmroman12-regular]:mapping=t
ex-text;!
Missing character: There is no 间 (U+95F4) in font [lmroman12-regular]:mapping=t
ex-text;!
! Extra alignment tab has been changed to \cr.
<recently read> \endtemplate 
                             
l.2117 查询图书馆开放时间 &
                   图书馆开放时间：周一至周五：08:00-22:00... \\
You have given more \span or & marks than there were
in the preamble to the \halign or \valign now in progress.
So I'll assume that you meant to type \cr instead.

Missing character: There is no 图 (U+56FE) in font [lmroman12-regular]:mapping=t
ex-text;!
Missing character: There is no 书 (U+4E66) in font [lmroman12-regular]:mapping=t
ex-text;!
Missing character: There is no 馆 (U+9986) in font [lmroman12-regular]:mapping=t
ex-text;!
Missing character: There is no 开 (U+5F00) in font [lmroman12-regular]:mapping=t
ex-text;!
Missing character: There is no 放 (U+653E) in font [lmroman12-regular]:mapping=t
ex-text;!
Missing character: There is no 时 (U+65F6) in font [lmroman12-regular]:mapping=t
ex-text;!
Missing character: There is no 间 (U+95F4) in font [lmroman12-regular]:mapping=t
ex-text;!
Missing character: There is no ： (U+FF1A) in font [lmroman12-regular]:mapping=t
ex-text;!
Missing character: There is no 周 (U+5468) in font [lmroman12-regular]:mapping=t
ex-text;!
Missing character: There is no 一 (U+4E00) in font [lmroman12-regular]:mapping=t
ex-text;!
Missing character: There is no 至 (U+81F3) in font [lmroman12-regular]:mapping=t
ex-text;!
Missing character: There is no 周 (U+5468) in font [lmroman12-regular]:mapping=t
ex-text;!
Missing character: There is no 五 (U+4E94) in font [lmroman12-regular]:mapping=t
ex-text;!
Missing character: There is no ： (U+FF1A) in font [lmroman12-regular]:mapping=t
ex-text;!
! Missing $ inserted.
<inserted text> 
                $
l.2119 \end{array}
                  
I've inserted something that you may have forgotten.
(See the <inserted text> above.)
With luck, this will get me unwedged. But if you
really didn't forget anything, try typing `2' now; then
my insertion and my current dilemma will both disappear.



[47]
Missing character: There is no 明 (U+660E) in font [lmmono12-regular]:!
Missing character: There is no 天 (U+5929) in font [lmmono12-regular]:!
Missing character: There is no 有 (U+6709) in font [lmmono12-regular]:!
Missing character: There is no 什 (U+4EC0) in font [lmmono12-regular]:!
Missing character: There is no 么 (U+4E48) in font [lmmono12-regular]:!
Missing character: There is no 课 (U+8BFE) in font [lmmono12-regular]:!
Missing character: There is no ？ (U+FF1F) in font [lmmono12-regular]:!
Missing character: There is no 第 (U+7B2C) in font [lmmono12-regular]:!
Missing character: There is no 一 (U+4E00) in font [lmmono12-regular]:!
Missing character: There is no 节 (U+8282) in font [lmmono12-regular]:!
Missing character: There is no 课 (U+8BFE) in font [lmmono12-regular]:!
Missing character: There is no 在 (U+5728) in font [lmmono12-regular]:!
Missing character: There is no 哪 (U+54EA) in font [lmmono12-regular]:!
Missing character: There is no 个 (U+4E2A) in font [lmmono12-regular]:!
Missing character: There is no 教 (U+6559) in font [lmmono12-regular]:!
Missing character: There is no 室 (U+5BA4) in font [lmmono12-regular]:!
Missing character: There is no ？ (U+FF1F) in font [lmmono12-regular]:!
Missing character: There is no 今 (U+4ECA) in font [lmmono12-regular]:!
Missing character: There is no 天 (U+5929) in font [lmmono12-regular]:!
Missing character: There is no 心 (U+5FC3) in font [lmmono12-regular]:!
Missing character: There is no 情 (U+60C5) in font [lmmono12-regular]:!
Missing character: There is no 不 (U+4E0D) in font [lmmono12-regular]:!
Missing character: There is no 好 (U+597D) in font [lmmono12-regular]:!


[48]
Missing character: There is no 图 (U+56FE) in font [lmmono12-regular]:!
Missing character: There is no 书 (U+4E66) in font [lmmono12-regular]:!
Missing character: There is no 馆 (U+9986) in font [lmmono12-regular]:!
Missing character: There is no 几 (U+51E0) in font [lmmono12-regular]:!
Missing character: There is no 点 (U+70B9) in font [lmmono12-regular]:!
Missing character: There is no 开 (U+5F00) in font [lmmono12-regular]:!
Missing character: There is no 放 (U+653E) in font [lmmono12-regular]:!
Missing character: There is no ？ (U+FF1F) in font [lmmono12-regular]:!
! Missing $ inserted.
<inserted text> 
                $
l.2200       posts: 'campus_
                            posts',
I've inserted a begin-math/end-math symbol since I think
you left one out. Proceed, with fingers crossed.

! Extra }, or forgotten $.
l.2204     }
            ;
I've deleted a group-closing symbol because it seems to be
spurious, as in `$x}$'. But perhaps the } is legitimate and
you forgot something else, as in `\hbox{$x}'. In such cases
the way to recover is to insert both the forgotten and the
deleted material, e.g., by typing `I$}'.

! Extra }, or forgotten $.
l.2205   }
          
I've deleted a group-closing symbol because it seems to be
spurious, as in `$x}$'. But perhaps the } is legitimate and
you forgot something else, as in `\hbox{$x}'. In such cases
the way to recover is to insert both the forgotten and the
deleted material, e.g., by typing `I$}'.

! Missing $ inserted.
<inserted text> 
                $
l.2206 
       
I've inserted a begin-math/end-math symbol since I think
you left one out. Proceed, with fingers crossed.



[49]
Overfull \hbox (5.1386pt too wide) in paragraph at lines 2216--2229
[]\TU/lmr/m/n/12 loadPosts()  try  const saved = localStorage.getItem(this.stor
ageKeys.posts); if (saved)
 []


Overfull \hbox (7.1946pt too wide) in paragraph at lines 2216--2229
\TU/lmr/m/n/12 const posts = JSON.parse(saved); if (Array.isArray(posts))  camp
usData.campusWall.posts
 []


Overfull \hbox (104.7687pt too wide) in paragraph at lines 2230--2235
[]\TU/lmr/m/n/12 savePosts()  localStorage.setItem(this.storageKeys.posts, JSON
.stringify(campusData.campusWall.posts)
 []


Overfull \hbox (32.61589pt too wide) in paragraph at lines 2242--2248
[]\TU/lmr/m/n/12 “‘javascript // \TU/SimSun(0)/m/n/12 页 面 加 载 时 立 即 初 始 化 \TU/l
mr/m/n/12 document.addEventListener(’DOMContentLoaded’,
 []


Overfull \hbox (24.29857pt too wide) in paragraph at lines 2242--2248
\TU/lmr/m/n/12 () =>  const persistenceManager = new PersistenceManager(); pers
istenceManager.initialize();
 []


! LaTeX Error: Lonely \item--perhaps a missing list environment.

See the LaTeX manual or LaTeX Companion for explanation.
Type  H <return>  for immediate help.
 ...                                              
                                                  
l.2272 \item \textbf
                    {验证数据类型}
Try typing  <return>  to proceed.
If that doesn't work, type  X <return>  to quit.


Underfull \hbox (badness 10000) detected at line 2272
[][]
 []


! LaTeX Error: Lonely \item--perhaps a missing list environment.

See the LaTeX manual or LaTeX Companion for explanation.
Type  H <return>  for immediate help.
 ...                                              
                                                  
l.2273 \item \textbf
                    {提供默认值}
Try typing  <return>  to proceed.
If that doesn't work, type  X <return>  to quit.


Underfull \hbox (badness 10000) detected at line 2273
[][]
 []


! LaTeX Error: Lonely \item--perhaps a missing list environment.

See the LaTeX manual or LaTeX Companion for explanation.
Type  H <return>  for immediate help.
 ...                                              
                                                  
l.2274 \item \textbf
                    {捕获并记录异常}
Try typing  <return>  to proceed.
If that doesn't work, type  X <return>  to quit.


Underfull \hbox (badness 10000) detected at line 2274
[][]
 []



[50]
Overfull \hbox (44.31189pt too wide) in paragraph at lines 2334--2339
[]\TU/lmr/m/n/12 // \TU/SimSun(0)/m/n/12 返 回 取 消 订 阅 函 数 \TU/lmr/m/n/12 return 
() =>  this.events[eventName] = this.events[eventName].filter(cb
 []


Overfull \hbox (43.29672pt too wide) in paragraph at lines 2340--2353
\TU/lmr/m/n/12 */ publish(eventName, data)  if (this.events[eventName])  this.e
vents[eventName].forEach(callback
 []



[51]
! Missing $ inserted.
<inserted text> 
                $
l.2380   USER_
              LOGGED_IN: 'user:loggedIn',
I've inserted a begin-math/end-math symbol since I think
you left one out. Proceed, with fingers crossed.

! Missing $ inserted.
<inserted text> 
                $
l.2383 
       
I've inserted a begin-math/end-math symbol since I think
you left one out. Proceed, with fingers crossed.


Overfull \hbox (23.4078pt too wide) in paragraph at lines 2373--2383
\TU/lmr/m/n/12 EVENTS =  // \TU/SimSun(0)/m/n/12 用 户 相 关 事 件 \TU/lmr/m/n/12 USE
R$[]\OML/cmm/m/it/12 OGGED[]N \OT1/cmr/m/n/12 :[] \OML/cmm/m/it/12 user \OT1/cm
r/m/n/12 : \OML/cmm/m/it/12 loggedIn[]; USER[]OGGED[]UT \OT1/cmr/m/n/12 :[]
 []

! Missing $ inserted.
<inserted text> 
                $
l.2385   FRIEND_
                ADDED: 'friend:added',
I've inserted a begin-math/end-math symbol since I think
you left one out. Proceed, with fingers crossed.

! Missing $ inserted.
<inserted text> 
                $
l.2389 
       
I've inserted a begin-math/end-math symbol since I think
you left one out. Proceed, with fingers crossed.


Overfull \hbox (115.73514pt too wide) in paragraph at lines 2384--2389
\OML/cmm/m/it/12 friend \OT1/cmr/m/n/12 : \OML/cmm/m/it/12 removed[]; FRIEND[]E
QUEST[]ENT \OT1/cmr/m/n/12 :[] \OML/cmm/m/it/12 friendRequest \OT1/cmr/m/n/12 :
 \OML/cmm/m/it/12 sent[]; FRIEND[]EQUEST[]CCEPTED \OT1/cmr/m/n/12 :[]
 []

! Missing $ inserted.
<inserted text> 
                $
l.2391   POST_
              CREATED: 'post:created',
I've inserted a begin-math/end-math symbol since I think
you left one out. Proceed, with fingers crossed.

! Missing $ inserted.
<inserted text> 
                $
l.2394 
       
I've inserted a begin-math/end-math symbol since I think
you left one out. Proceed, with fingers crossed.

! Missing $ inserted.
<inserted text> 
                $
l.2396   NOTIFICATION_
                      RECEIVED: 'notification:received',
I've inserted a begin-math/end-math symbol since I think
you left one out. Proceed, with fingers crossed.

! Extra }, or forgotten $.
l.2398 }
        ;
I've deleted a group-closing symbol because it seems to be
spurious, as in `$x}$'. But perhaps the } is legitimate and
you forgot something else, as in `\hbox{$x}'. In such cases
the way to recover is to insert both the forgotten and the
deleted material, e.g., by typing `I$}'.

! Missing $ inserted.
<inserted text> 
                $
l.2399 
       
I've inserted a begin-math/end-math symbol since I think
you left one out. Proceed, with fingers crossed.


Overfull \hbox (101.54726pt too wide) in paragraph at lines 2395--2399
[]\TU/lmr/m/n/12 // \TU/SimSun(0)/m/n/12 通 知 相 关 事 件 \TU/lmr/m/n/12 NOTIFICATIO
N$[]\OML/cmm/m/it/12 ECEIVED \OT1/cmr/m/n/12 :[] \OML/cmm/m/it/12 notification 
\OT1/cmr/m/n/12 : \OML/cmm/m/it/12 received[]; NOTIFICATION[]EAD \OT1/cmr/m/n/1
2 :[]
 []

! Missing $ inserted.
<inserted text> 
                $
l.2403   eventBus.publish(EVENTS.USER_
                                      LOGGED_IN, user);
I've inserted a begin-math/end-math symbol since I think
you left one out. Proceed, with fingers crossed.

! Extra }, or forgotten $.
l.2404 }
        
I've deleted a group-closing symbol because it seems to be
spurious, as in `$x}$'. But perhaps the } is legitimate and
you forgot something else, as in `\hbox{$x}'. In such cases
the way to recover is to insert both the forgotten and the
deleted material, e.g., by typing `I$}'.

! Missing $ inserted.
<inserted text> 
                $
l.2405 
       
I've inserted a begin-math/end-math symbol since I think
you left one out. Proceed, with fingers crossed.

! Missing $ inserted.
<inserted text> 
                $
l.2407 eventBus.subscribe(EVENTS.USER_
                                      LOGGED_IN, (user) => {
I've inserted a begin-math/end-math symbol since I think
you left one out. Proceed, with fingers crossed.

! Missing $ inserted.
<inserted text> 
                $
l.2414 
       
I've inserted a begin-math/end-math symbol since I think
you left one out. Proceed, with fingers crossed.

Missing character: There is no 用 (U+7528) in font [lmroman12-regular]:mapping=t
ex-text;!
Missing character: There is no 户 (U+6237) in font [lmroman12-regular]:mapping=t
ex-text;!
Missing character: There is no 已 (U+5DF2) in font [lmroman12-regular]:mapping=t
ex-text;!
Missing character: There is no 登 (U+767B) in font [lmroman12-regular]:mapping=t
ex-text;!
Missing character: There is no 录 (U+5F55) in font [lmroman12-regular]:mapping=t
ex-text;!
Missing character: There is no ： (U+FF1A) in font [lmroman12-regular]:mapping=t
ex-text;!
Missing character: There is no 更 (U+66F4) in font [lmroman12-regular]:mapping=t
ex-text;!
Missing character: There is no 新 (U+65B0) in font [lmroman12-regular]:mapping=t
ex-text;!
Missing character: There is no 查 (U+67E5) in font [lmroman12-regular]:mapping=t
ex-text;!
Missing character: There is no 询 (U+8BE2) in font [lmroman12-regular]:mapping=t
ex-text;!
Missing character: There is no 未 (U+672A) in font [lmroman12-regular]:mapping=t
ex-text;!
Missing character: There is no 读 (U+8BFB) in font [lmroman12-regular]:mapping=t
ex-text;!
Missing character: There is no 通 (U+901A) in font [lmroman12-regular]:mapping=t
ex-text;!
Missing character: There is no 知 (U+77E5) in font [lmroman12-regular]:mapping=t
ex-text;!

Overfull \hbox (10.50348pt too wide) in paragraph at lines 2406--2414
[]\TU/lmr/m/n/12 // \TU/SimSun(0)/m/n/12 模 块 \TU/lmr/m/n/12 B\TU/SimSun(0)/m/n/
12 ：|  监 听 用 户 登 录 \TU/lmr/m/n/12 eventBus.subscribe(EVENTS.USER$[]\OML/cmm/m/i
t/12 OGGED[]N; \OT1/cmr/m/n/12 (\OML/cmm/m/it/12 user\OT1/cmr/m/n/12 ) =\OML/cm
m/m/it/12 >
 []


Overfull \hbox (23.58133pt too wide) in paragraph at lines 2406--2414
[]\OT1/cmr/m/n/12 );$ 
 []

! Missing $ inserted.
<inserted text> 
                $
l.2416 eventBus.subscribe(EVENTS.USER_
                                      LOGGED_IN, (user) => {
I've inserted a begin-math/end-math symbol since I think
you left one out. Proceed, with fingers crossed.

! Missing $ inserted.
<inserted text> 
                $
l.2421 
       
I've inserted a begin-math/end-math symbol since I think
you left one out. Proceed, with fingers crossed.

Missing character: There is no 初 (U+521D) in font [lmroman12-regular]:mapping=t
ex-text;!
Missing character: There is no 始 (U+59CB) in font [lmroman12-regular]:mapping=t
ex-text;!
Missing character: There is no 化 (U+5316) in font [lmroman12-regular]:mapping=t
ex-text;!
Missing character: There is no 聊 (U+804A) in font [lmroman12-regular]:mapping=t
ex-text;!
Missing character: There is no 天 (U+5929) in font [lmroman12-regular]:mapping=t
ex-text;!

Overfull \hbox (10.67148pt too wide) in paragraph at lines 2415--2421
[]\TU/lmr/m/n/12 // \TU/SimSun(0)/m/n/12 模 块 \TU/lmr/m/n/12 C\TU/SimSun(0)/m/n/
12 ：|  监 听 用 户 登 录 \TU/lmr/m/n/12 eventBus.subscribe(EVENTS.USER$[]\OML/cmm/m/i
t/12 OGGED[]N; \OT1/cmr/m/n/12 (\OML/cmm/m/it/12 user\OT1/cmr/m/n/12 ) =\OML/cm
m/m/it/12 >
 []



[52]

[53]

! Undefined control sequence.
\lstlisting ->\def \lstenv@name 
                                {lstlisting}\begingroup \lst@setcatcodes \ca...
l.2538 \end{lstlisting}
                       
The control sequence at the end of the top line
of your error message was never \def'ed. If you have
misspelled it (e.g., `\hobx'), type `I' and the correct
spelling (e.g., `I\hbox'). Otherwise just continue,
and I'll forget about whatever was undefined.

! Package Listings Error: Extra \endlstlisting.

See the Listings package documentation for explanation.
Type  H <return>  for immediate help.
 ...                                              
                                                  
l.2538 \end{lstlisting}
                       
I'm ignoring this, since I wasn't doing a \def {lstlisting}\begingroup \makeatl
etter \catcode `\==12\relax \catcode \active =\active \lstlisting@.


! LaTeX Error: \begin{itemize} on input line 2534 ended by \end{lstlisting}.

See the LaTeX manual or LaTeX Companion for explanation.
Type  H <return>  for immediate help.
 ...                                              
                                                  
l.2538 \end{lstlisting}
                       
Your command was ignored.
Type  I <command> <return>  to replace it with another command,
or  <return>  to continue without it.


Overfull \hbox (54.75058pt too wide) in paragraph at lines 2547--2551
[]\TU/lmr/m/n/12 items.forEach(item =>  const element = createListItem(item); f
ragment.appendChild(element);
 []

! Extra }, or forgotten $.
l.2562   }
          );
I've deleted a group-closing symbol because it seems to be
spurious, as in `$x}$'. But perhaps the } is legitimate and
you forgot something else, as in `\hbox{$x}'. In such cases
the way to recover is to insert both the forgotten and the
deleted material, e.g., by typing `I$}'.

! Extra }, or forgotten $.
l.2563 }
        
I've deleted a group-closing symbol because it seems to be
spurious, as in `$x}$'. But perhaps the } is legitimate and
you forgot something else, as in `\hbox{$x}'. In such cases
the way to recover is to insert both the forgotten and the
deleted material, e.g., by typing `I$}'.

! Missing $ inserted.
<inserted text> 
                $
l.2565 
       
I've inserted a begin-math/end-math symbol since I think
you left one out. Proceed, with fingers crossed.



[54]
Overfull \hbox (1.17543pt too wide) in paragraph at lines 2592--2592
 []     \TU/FangSong(0)/m/n/12 如 何 在 本 地 环 境 启 动 项 目 ？ 我 使 用 的 是 \TU/lmtt/m/n/1
2 Windows \TU/FangSong(0)/m/n/12 系 统 ， 需 要 哪 些 前 置 条 件 ？ [] 
 []



[55]
Overfull \hbox (19.71542pt too wide) in paragraph at lines 2641--2641
 []     \TU/FangSong(0)/m/n/12 并 显 示 心 跳 动 画 效 果 。 动 画 持 续 \TU/lmtt/m/n/12 300m
s \TU/FangSong(0)/m/n/12 ， 图 标 从 默 认 状 态 缩 放 到 \TU/lmtt/m/n/12 1.3 \TU/FangSong
(0)/m/n/12 倍 再 恢 复 。 [] 
 []



[56]

[57]

[58]

[59]
Overfull \hbox (7.54723pt too wide) in paragraph at lines 2815--2832
 [][] 
 []



[60]

[61]

[62]

[63]

[64]

[65]

[66] (./AI编程使用报告.aux)
 ***********
LaTeX2e <2024-11-01> patch level 2
L3 programming layer <2022/08/05>
 ***********
Package rerunfilecheck Info: File `AI编程使用报告.out' has not changed.
(rerunfilecheck)             Checksum: 60D9C7ED21EF056F58E7E599C8EC6121;11347.
 )
(\end occurred inside a group at level 6)

### simple group (level 6) entered at line 2560 ({)
### simple group (level 5) entered at line 2559 ({)
### simple group (level 4) entered at line 2401 ({)
### simple group (level 3) entered at line 2378 ({)
### simple group (level 2) entered at line 2198 ({)
### simple group (level 1) entered at line 2197 ({)
### bottom level 
Here is how much of TeX's memory you used:
 17485 strings out of 473832
 371542 string characters out of 5723978
 1426452 words of memory out of 5000000
 40298 multiletter control sequences out of 15000+600000
 565466 words of font info for 89 fonts, out of 8000000 for 9000
 1348 hyphenation exceptions out of 8191
 93i,10n,111p,347b,2036s stack positions out of 10000i,1000n,20000p,200000b,200000s

Output written on AI编程使用报告.pdf (66 pages).
