\BOOKMARK [1][-]{section.1}{\376\377\230\171\166\356\173\200\116\313}{}% 1
\BOOKMARK [2][-]{subsection.1.1}{\376\377\230\171\166\356\200\314\146\157\116\016\122\250\147\072}{section.1}% 2
\BOOKMARK [2][-]{subsection.1.2}{\376\377\230\171\166\356\150\070\137\303\116\367\120\074}{section.1}% 3
\BOOKMARK [3][-]{subsubsection.1.2.1}{\376\377\211\343\121\263\166\204\150\070\137\303\225\356\230\230}{subsection.1.2}% 4
\BOOKMARK [3][-]{subsubsection.1.2.2}{\376\377\116\072\166\356\150\007\165\050\142\067\143\320\117\233\166\204\116\367\120\074}{subsection.1.2}% 5
\BOOKMARK [2][-]{subsection.1.3}{\376\377\150\070\137\303\122\033\145\260\160\271\116\016\162\171\202\162}{section.1}% 6
\BOOKMARK [3][-]{subsubsection.1.3.1}{\376\377\142\200\147\057\122\033\145\260}{subsection.1.3}% 7
\BOOKMARK [3][-]{subsubsection.1.3.2}{\376\377\116\016\163\260\147\011\116\247\124\301\166\204\123\072\122\053}{subsection.1.3}% 8
\BOOKMARK [3][-]{subsubsection.1.3.3}{\376\377\230\171\166\356\211\304\152\041\116\016\133\214\142\020\136\246}{subsection.1.3}% 9
\BOOKMARK [1][-]{section.2}{\376\377\142\200\147\057\145\271\150\110}{}% 10
\BOOKMARK [2][-]{subsection.2.1}{\376\377\116\073\211\201\142\200\147\057\150\010}{section.2}% 11
\BOOKMARK [3][-]{subsubsection.2.1.1}{\376\377\122\115\172\357\142\200\147\057}{subsection.2.1}% 12
\BOOKMARK [3][-]{subsubsection.2.1.2}{\376\377\150\070\137\303\142\200\147\057}{subsection.2.1}% 13
\BOOKMARK [3][-]{subsubsection.2.1.3}{\376\377\173\054\116\011\145\271\136\223}{subsection.2.1}% 14
\BOOKMARK [2][-]{subsection.2.2}{\376\377\174\373\176\337\147\266\147\204}{section.2}% 15
\BOOKMARK [3][-]{subsubsection.2.2.1}{\376\377\147\266\147\204\151\202\217\360}{subsection.2.2}% 16
\BOOKMARK [2][-]{subsection.2.3}{\376\377\142\200\147\057\226\276\160\271\116\016\211\343\121\263\145\271\150\110}{section.2}% 17
\BOOKMARK [3][-]{subsubsection.2.3.1}{\376\377\226\276\160\271\0001\377\032\146\172\200\375\133\371\213\335\166\204\201\352\161\066\140\047}{subsection.2.3}% 18
\BOOKMARK [3][-]{subsubsection.2.3.2}{\376\377\226\276\160\271\0002\377\032\145\160\143\156\143\001\116\105\123\026\116\016\124\014\153\145\225\356\230\230}{subsection.2.3}% 19
\BOOKMARK [3][-]{subsubsection.2.3.3}{\376\377\226\276\160\271\0003\377\032\124\315\136\224\137\017\213\276\213\241\116\016\131\032\172\357\220\002\221\115}{subsection.2.3}% 20
\BOOKMARK [3][-]{subsubsection.2.3.4}{\376\377\226\276\160\271\0004\377\032\000P\000W\000A\171\273\176\277\145\057\143\001\166\204\133\214\145\164\140\047}{subsection.2.3}% 21
\BOOKMARK [1][-]{section.3}{\376\377\166\356\150\007\116\016\134\125\147\033}{}% 22
\BOOKMARK [2][-]{subsection.3.1}{\376\377\153\324\215\133\147\037\225\364\166\204\000M\000V\000P\377\010\147\000\134\017\123\357\210\114\116\247\124\301\377\011}{section.3}% 23
\BOOKMARK [2][-]{subsection.3.2}{\376\377\230\171\166\356\166\204\225\177\147\037\123\321\134\125\157\134\122\233}{section.3}% 24
\BOOKMARK [1][-]{section.4}{\376\377\160\165\141\037\147\145\156\220\116\016\211\343\121\263\166\204\225\356\230\230}{}% 25
\BOOKMARK [2][-]{subsection.4.1}{\376\377\160\165\141\037\147\145\156\220}{section.4}% 26
\BOOKMARK [2][-]{subsection.4.2}{\376\377\211\343\121\263\166\204\150\070\137\303\225\356\230\230}{section.4}% 27
\BOOKMARK [3][-]{subsubsection.4.2.1}{\376\377\225\356\230\230\000\040\0001\377\032\150\041\126\355\147\015\122\241\117\341\140\157\203\267\123\326\126\360\226\276}{subsection.4.2}% 28
\BOOKMARK [3][-]{subsubsection.4.2.2}{\376\377\225\356\230\230\000\040\0002\377\032\150\041\126\355\171\076\116\244\156\040\220\123\147\011\226\120}{subsection.4.2}% 29
\BOOKMARK [3][-]{subsubsection.4.2.3}{\376\377\225\356\230\230\000\040\0003\377\032\133\146\116\140\116\373\122\241\173\241\164\006\155\367\116\161}{subsection.4.2}% 30
\BOOKMARK [3][-]{subsubsection.4.2.4}{\376\377\225\356\230\230\000\040\0004\377\032\131\032\213\276\131\007\117\177\165\050\116\015\117\277}{subsection.4.2}% 31
\BOOKMARK [1][-]{section.5}{\376\377\166\356\150\007\165\050\142\067\165\073\120\317}{}% 32
\BOOKMARK [2][-]{subsection.5.1}{\376\377\150\070\137\303\165\050\142\067\177\244\117\123}{section.5}% 33
\BOOKMARK [3][-]{subsubsection.5.1.1}{\376\377\165\050\142\067\162\171\137\201\122\006\147\220}{subsection.5.1}% 34
\BOOKMARK [3][-]{subsubsection.5.1.2}{\376\377\150\070\137\303\165\333\160\271\155\361\136\246\122\126\147\220}{subsection.5.1}% 35
\BOOKMARK [2][-]{subsection.5.2}{\376\377\165\050\142\067\176\306\122\006\116\016\165\073\120\317}{section.5}% 36
\BOOKMARK [3][-]{subsubsection.5.2.1}{\376\377\165\073\120\317\0001\377\032\133\146\147\057\127\213\133\146\227\070}{subsection.5.2}% 37
\BOOKMARK [3][-]{subsubsection.5.2.2}{\376\377\165\073\120\317\0002\377\032\171\076\116\244\217\276\116\272}{subsection.5.2}% 38
\BOOKMARK [3][-]{subsubsection.5.2.3}{\376\377\165\073\120\317\0003\377\032\145\366\225\364\173\241\164\006\126\360\226\276\142\067}{subsection.5.2}% 39
\BOOKMARK [3][-]{subsubsection.5.2.4}{\376\377\165\073\120\317\0004\377\032\145\260\165\037\143\242\175\042\200\005}{subsection.5.2}% 40
\BOOKMARK [2][-]{subsection.5.3}{\376\377\165\050\142\067\227\000\154\102\134\102\153\041}{section.5}% 41
\BOOKMARK [1][-]{section.6}{\376\377\150\070\137\303\122\237\200\375\122\027\210\150}{}% 42
\BOOKMARK [2][-]{subsection.6.1}{\376\377\146\172\200\375\225\356\173\124\174\373\176\337}{section.6}% 43
\BOOKMARK [3][-]{subsubsection.6.1.1}{\376\377\201\352\161\066\213\355\212\000\217\223\121\145\116\016\164\006\211\343}{subsection.6.1}% 44
\BOOKMARK [3][-]{subsubsection.6.1.2}{\376\377\141\017\126\376\213\306\122\053\116\016\122\006\174\173}{subsection.6.1}% 45
\BOOKMARK [3][-]{subsubsection.6.1.3}{\376\377\146\172\200\375\136\372\213\256\116\016\143\320\171\072}{subsection.6.1}% 46
\BOOKMARK [3][-]{subsubsection.6.1.4}{\376\377\200\112\131\051\213\260\137\125\173\241\164\006}{subsection.6.1}% 47
\BOOKMARK [3][-]{subsubsection.6.1.5}{\376\377\000M\000a\000r\000k\000d\000o\000w\000n\133\314\145\207\147\054\145\057\143\001}{subsection.6.1}% 48
\BOOKMARK [3][-]{subsubsection.6.1.6}{\376\377\131\032\217\156\133\371\213\335\145\057\143\001}{subsection.6.1}% 49
\BOOKMARK [3][-]{subsubsection.6.1.7}{\376\377\225\031\213\357\131\004\164\006\116\016\157\204\156\005}{subsection.6.1}% 50
\BOOKMARK [2][-]{subsection.6.2}{\376\377\150\041\126\355\130\231\171\076\116\244\174\373\176\337}{section.6}% 51
\BOOKMARK [3][-]{subsubsection.6.2.1}{\376\377\136\026\133\120\123\321\136\003\116\016\173\241\164\006}{subsection.6.2}% 52
\BOOKMARK [3][-]{subsubsection.6.2.2}{\376\377\160\271\215\136\174\373\176\337}{subsection.6.2}% 53
\BOOKMARK [3][-]{subsubsection.6.2.3}{\376\377\145\066\205\317\174\373\176\337}{subsection.6.2}% 54
\BOOKMARK [3][-]{subsubsection.6.2.4}{\376\377\213\304\213\272\174\373\176\337}{subsection.6.2}% 55
\BOOKMARK [3][-]{subsubsection.6.2.5}{\376\377\171\076\116\244\116\222\220\032\116\016\217\154\123\026}{subsection.6.2}% 56
\BOOKMARK [3][-]{subsubsection.6.2.6}{\376\377\121\205\133\271\143\250\203\120\116\016\123\321\163\260}{subsection.6.2}% 57
\BOOKMARK [2][-]{subsection.6.3}{\376\377\123\321\163\260\147\013\123\313\174\373\176\337}{section.6}% 58
\BOOKMARK [3][-]{subsubsection.6.3.1}{\376\377\165\050\142\067\165\073\120\317\147\204\136\372}{subsection.6.3}% 59
\BOOKMARK [3][-]{subsubsection.6.3.2}{\376\377\146\172\200\375\123\071\221\115\173\227\154\325}{subsection.6.3}% 60
\BOOKMARK [3][-]{subsubsection.6.3.3}{\376\377\143\250\203\120\131\175\123\313\122\027\210\150}{subsection.6.3}% 61
\BOOKMARK [3][-]{subsubsection.6.3.4}{\376\377\131\175\123\313\213\367\154\102\116\016\131\175\123\313\173\241\164\006}{subsection.6.3}% 62
\BOOKMARK [3][-]{subsubsection.6.3.5}{\376\377\116\316\121\205\133\271\122\060\171\076\116\244\166\204\145\340\177\035\217\154\123\026}{subsection.6.3}% 63
\BOOKMARK [2][-]{subsection.6.4}{\376\377\213\376\172\013\210\150\173\241\164\006}{section.6}% 64
\BOOKMARK [3][-]{subsubsection.6.4.1}{\376\377\213\376\172\013\155\373\122\240\116\016\177\026\217\221}{subsection.6.4}% 65
\BOOKMARK [3][-]{subsubsection.6.4.2}{\376\377\124\150\211\306\126\376\116\016\145\345\211\306\126\376}{subsection.6.4}% 66
\BOOKMARK [3][-]{subsubsection.6.4.3}{\376\377\213\376\172\013\143\320\221\222\122\237\200\375}{subsection.6.4}% 67
\BOOKMARK [3][-]{subsubsection.6.4.4}{\376\377\213\376\172\013\210\150\133\374\121\372}{subsection.6.4}% 68
\BOOKMARK [3][-]{subsubsection.6.4.5}{\376\377\122\033\145\260\160\271\124\214\142\200\147\057\162\171\202\162}{subsection.6.4}% 69
\BOOKMARK [2][-]{subsection.6.5}{\376\377\155\210\140\157\174\373\176\337}{section.6}% 70
\BOOKMARK [3][-]{subsubsection.6.5.1}{\376\377\131\175\123\313\122\027\210\150}{subsection.6.5}% 71
\BOOKMARK [3][-]{subsubsection.6.5.2}{\376\377\200\112\131\051\172\227\123\343}{subsection.6.5}% 72
\BOOKMARK [3][-]{subsubsection.6.5.3}{\376\377\155\210\140\157\213\260\137\125\117\335\133\130\116\016\122\240\217\175}{subsection.6.5}% 73
\BOOKMARK [3][-]{subsubsection.6.5.4}{\376\377\147\052\213\373\155\210\140\157\173\241\164\006}{subsection.6.5}% 74
\BOOKMARK [3][-]{subsubsection.6.5.5}{\376\377\201\352\122\250\126\336\131\015\116\016\152\041\142\337\165\050\142\067}{subsection.6.5}% 75
\BOOKMARK [3][-]{subsubsection.6.5.6}{\376\377\122\033\145\260\160\271\124\214\142\200\147\057\162\171\202\162}{subsection.6.5}% 76
\BOOKMARK [2][-]{subsection.6.6}{\376\377\000P\000W\000A\136\224\165\050}{section.6}% 77
\BOOKMARK [3][-]{subsubsection.6.6.1}{\376\377\136\224\165\050\133\211\210\305}{subsection.6.6}% 78
\BOOKMARK [3][-]{subsubsection.6.6.2}{\376\377\171\273\176\277\177\023\133\130\116\016\000\040\000o\000f\000f\000l\000i\000n\000e\000-\000f\000i\000r\000s\000t}{subsection.6.6}% 79
\BOOKMARK [3][-]{subsubsection.6.6.3}{\376\377\127\050\176\277\000/\171\273\176\277\162\266\140\001\150\300\155\113}{subsection.6.6}% 80
\BOOKMARK [3][-]{subsubsection.6.6.4}{\376\377\136\224\165\050\146\364\145\260\173\241\164\006}{subsection.6.6}% 81
\BOOKMARK [3][-]{subsubsection.6.6.5}{\376\377\143\250\220\001\220\032\167\345\377\010\230\204\165\131\377\011}{subsection.6.6}% 82
\BOOKMARK [3][-]{subsubsection.6.6.6}{\376\377\122\033\145\260\160\271\124\214\142\200\147\057\162\171\202\162}{subsection.6.6}% 83
\BOOKMARK [2][-]{subsection.6.7}{\376\377\165\050\142\067\174\373\176\337}{section.6}% 84
\BOOKMARK [3][-]{subsubsection.6.7.1}{\376\377\165\050\142\067\166\173\137\125}{subsection.6.7}% 85
\BOOKMARK [3][-]{subsubsection.6.7.2}{\376\377\165\050\142\067\154\350\121\214}{subsection.6.7}% 86
\BOOKMARK [3][-]{subsubsection.6.7.3}{\376\377\156\070\133\242\117\123\232\214\152\041\137\017}{subsection.6.7}% 87
\BOOKMARK [3][-]{subsubsection.6.7.4}{\376\377\117\032\213\335\173\241\164\006}{subsection.6.7}% 88
\BOOKMARK [3][-]{subsubsection.6.7.5}{\376\377\116\052\116\272\117\341\140\157\173\241\164\006}{subsection.6.7}% 89
\BOOKMARK [3][-]{subsubsection.6.7.6}{\376\377\122\033\145\260\160\271\124\214\142\200\147\057\162\171\202\162}{subsection.6.7}% 90
\BOOKMARK [2][-]{subsection.6.8}{\376\377\145\160\143\156\173\241\164\006}{section.6}% 91
\BOOKMARK [3][-]{subsubsection.6.8.1}{\376\377\145\160\143\156\133\374\121\372}{subsection.6.8}% 92
\BOOKMARK [3][-]{subsubsection.6.8.2}{\376\377\145\160\143\156\133\374\121\145\116\016\140\142\131\015}{subsection.6.8}% 93
\BOOKMARK [3][-]{subsubsection.6.8.3}{\376\377\201\352\122\250\131\007\116\375}{subsection.6.8}% 94
\BOOKMARK [3][-]{subsubsection.6.8.4}{\376\377\145\160\143\156\156\005\164\006}{subsection.6.8}% 95
\BOOKMARK [3][-]{subsubsection.6.8.5}{\376\377\145\160\143\156\122\006\147\220\377\010\230\204\165\131\377\011}{subsection.6.8}% 96
\BOOKMARK [3][-]{subsubsection.6.8.6}{\376\377\122\033\145\260\160\271\124\214\142\200\147\057\162\171\202\162}{subsection.6.8}% 97
\BOOKMARK [1][-]{section.7}{\376\377\142\200\147\057\147\266\147\204\173\200\116\313}{}% 98
\BOOKMARK [2][-]{subsection.7.1}{\376\377\145\164\117\123\147\266\147\204\151\202\217\360}{section.7}% 99
\BOOKMARK [2][-]{subsection.7.2}{\376\377\147\266\147\204\213\276\213\241\164\006\137\365}{section.7}% 100
\BOOKMARK [3][-]{subsubsection.7.2.1}{\376\377\176\257\122\115\172\357\147\266\147\204\166\204\117\030\122\277}{subsection.7.2}% 101
\BOOKMARK [3][-]{subsubsection.7.2.2}{\376\377\124\004\134\102\200\114\215\043\122\022\122\006}{subsection.7.2}% 102
\BOOKMARK [2][-]{subsection.7.3}{\376\377\142\200\147\057\150\010\213\346\176\306\213\364\146\016}{section.7}% 103
\BOOKMARK [3][-]{subsubsection.7.3.1}{\376\377\122\115\172\357\142\200\147\057\150\010}{subsection.7.3}% 104
\BOOKMARK [3][-]{subsubsection.7.3.2}{\376\377\150\106\147\266\124\214\136\223}{subsection.7.3}% 105
\BOOKMARK [3][-]{subsubsection.7.3.3}{\376\377\150\070\137\303\000A\000P\000I\124\214\142\200\147\057}{subsection.7.3}% 106
\BOOKMARK [3][-]{subsubsection.7.3.4}{\376\377\152\041\127\127\123\026\147\266\147\204}{subsection.7.3}% 107
\BOOKMARK [3][-]{subsubsection.7.3.5}{\376\377\145\160\143\156\155\101\116\016\162\266\140\001\173\241\164\006}{subsection.7.3}% 108
\BOOKMARK [3][-]{subsubsection.7.3.6}{\376\377\140\047\200\375\117\030\123\026}{subsection.7.3}% 109
\BOOKMARK [3][-]{subsubsection.7.3.7}{\376\377\116\343\170\001\117\030\123\026}{subsection.7.3}% 110
\BOOKMARK [3][-]{subsubsection.7.3.8}{\376\377\217\320\210\114\145\366\117\030\123\026}{subsection.7.3}% 111
\BOOKMARK [3][-]{subsubsection.7.3.9}{\376\377\177\121\176\334\117\030\123\026}{subsection.7.3}% 112
\BOOKMARK [2][-]{subsection.7.4}{\376\377\142\200\147\057\150\010}{section.7}% 113
\BOOKMARK [3][-]{subsubsection.7.4.1}{\376\377\122\115\172\357\150\106\147\266}{subsection.7.4}% 114
\BOOKMARK [3][-]{subsubsection.7.4.2}{\376\377\150\070\137\303\136\223}{subsection.7.4}% 115
\BOOKMARK [3][-]{subsubsection.7.4.3}{\376\377\145\160\143\156\133\130\120\250}{subsection.7.4}% 116
\BOOKMARK [3][-]{subsubsection.7.4.4}{\376\377\000P\000W\000A\000\040\142\200\147\057}{subsection.7.4}% 117
\BOOKMARK [3][-]{subsubsection.7.4.5}{\376\377\155\117\211\310\126\150\000\040\000A\000P\000I}{subsection.7.4}% 118
\BOOKMARK [2][-]{subsection.7.5}{\376\377\152\041\127\127\123\026\147\266\147\204}{section.7}% 119
\BOOKMARK [2][-]{subsection.7.6}{\376\377\145\160\143\156\176\323\147\204\213\276\213\241}{section.7}% 120
\BOOKMARK [3][-]{subsubsection.7.6.1}{\376\377\150\070\137\303\145\160\143\156\152\041\127\213}{subsection.7.6}% 121
\BOOKMARK [2][-]{subsection.7.7}{\376\377\140\047\200\375\117\030\123\026}{section.7}% 122
\BOOKMARK [1][-]{section.8}{\376\377\126\342\226\037\122\006\135\345}{}% 123
\BOOKMARK [2][-]{subsection.8.1}{\376\377\126\342\226\037\127\372\147\054\117\341\140\157}{section.8}% 124
\BOOKMARK [2][-]{subsection.8.2}{\376\377\126\342\226\037\147\204\142\020\213\364\146\016}{section.8}% 125
\BOOKMARK [3][-]{subsubsection.8.2.1}{\376\377\126\342\226\037\142\020\124\130\211\322\202\162}{subsection.8.2}% 126
\BOOKMARK [3][-]{subsubsection.8.2.2}{\376\377\131\017\124\014\166\204\135\345\117\134\121\205\133\271}{subsection.8.2}% 127
\BOOKMARK [3][-]{subsubsection.8.2.3}{\376\377\000C\000o\000S\000t\000r\000i\000c\000t\166\204\135\345\117\134\121\205\133\271}{subsection.8.2}% 128
\BOOKMARK [3][-]{subsubsection.8.2.4}{\376\377\116\272\147\072\123\117\117\134\152\041\137\017}{subsection.8.2}% 129
\BOOKMARK [1][-]{section.9}{\376\377\136\224\165\050\142\052\126\376}{}% 130
\BOOKMARK [2][-]{subsection.9.1}{\376\377\150\070\137\303\165\114\227\142\142\052\126\376\213\364\146\016}{section.9}% 131
\BOOKMARK [3][-]{subsubsection.9.1.1}{\376\377\142\052\126\376\0001\377\032\116\073\165\114\227\142\000\040\000-\000\040\146\172\200\375\133\371\213\335\174\373\176\337}{subsection.9.1}% 132
\BOOKMARK [3][-]{subsubsection.9.1.2}{\376\377\142\052\126\376\0002\377\032\150\041\126\355\130\231\000\040\000-\000\040\136\026\133\120\122\027\210\150}{subsection.9.1}% 133
\BOOKMARK [3][-]{subsubsection.9.1.3}{\376\377\142\052\126\376\0003\377\032\150\041\126\355\130\231\000\040\000-\000\040\136\026\133\120\213\346\140\305\116\016\213\304\213\272}{subsection.9.1}% 134
\BOOKMARK [3][-]{subsubsection.9.1.4}{\376\377\142\052\126\376\0004\377\032\123\321\163\260\147\013\123\313\000\040\000-\000\040\143\250\203\120\131\175\123\313\122\027\210\150}{subsection.9.1}% 135
\BOOKMARK [3][-]{subsubsection.9.1.5}{\376\377\142\052\126\376\0005\377\032\213\376\172\013\210\150\000\040\000-\000\040\124\150\211\306\126\376}{subsection.9.1}% 136
\BOOKMARK [3][-]{subsubsection.9.1.6}{\376\377\142\052\126\376\0006\377\032\116\052\116\272\142\020\225\177\116\352\210\150\166\330}{subsection.9.1}% 137
\BOOKMARK [3][-]{subsubsection.9.1.7}{\376\377\133\374\121\372\142\245\124\112}{subsection.9.1}% 138
\BOOKMARK [3][-]{subsubsection.9.1.8}{\376\377\142\052\126\376\0007\377\032\146\172\200\375\155\210\215\071\122\006\147\220}{subsection.9.1}% 139
\BOOKMARK [2][-]{subsection.9.2}{\376\377\142\052\126\376\133\130\145\076\117\115\177\156}{section.9}% 140
\BOOKMARK [2][-]{subsection.9.3}{\376\377\142\052\126\376\142\315\144\104\136\372\213\256}{section.9}% 141
\BOOKMARK [1][-]{section.10}{\376\377\230\171\166\356\116\256\160\271\116\016\122\033\145\260}{}% 142
\BOOKMARK [2][-]{subsection.10.1}{\376\377\150\070\137\303\122\033\145\260\160\271}{section.10}% 143
\BOOKMARK [3][-]{subsubsection.10.1.1}{\376\377\122\033\145\260\0001\377\032\126\375\121\205\231\226\116\052\226\306\000A\000I\225\356\173\124\000+\150\041\126\355\171\076\116\244\000+\133\146\116\140\173\241\164\006\116\216\116\000\117\123\166\204\176\374\124\010\140\047\150\041\126\355\122\251\142\113}{subsection.10.1}% 144
\BOOKMARK [3][-]{subsubsection.10.1.2}{\376\377\122\033\145\260\0002\377\032\133\214\145\164\225\355\163\257\166\204\171\076\116\244\165\037\140\001\174\373\176\337}{subsection.10.1}% 145
\BOOKMARK [3][-]{subsubsection.10.1.3}{\376\377\122\033\145\260\0003\377\032\217\173\221\317\176\247\122\115\172\357\000A\000I\133\371\213\335\137\025\144\316}{subsection.10.1}% 146
\BOOKMARK [3][-]{subsubsection.10.1.4}{\376\377\122\033\145\260\0004\377\032\000P\000W\000A\171\273\176\277\117\030\121\110\213\276\213\241}{subsection.10.1}% 147
\BOOKMARK [3][-]{subsubsection.10.1.5}{\376\377\122\033\145\260\0005\377\032\121\205\133\271\232\161\122\250\166\204\146\172\200\375\171\076\116\244\143\250\203\120}{subsection.10.1}% 148
\BOOKMARK [2][-]{subsection.10.2}{\376\377\142\200\147\057\116\256\160\271}{section.10}% 149
\BOOKMARK [3][-]{subsubsection.10.2.1}{\376\377\116\256\160\271\0001\377\032\176\257\122\115\172\357\147\266\147\204\377\014\147\201\201\364\173\200\123\026}{subsection.10.2}% 150
\BOOKMARK [3][-]{subsubsection.10.2.2}{\376\377\116\256\160\271\0002\377\032\000L\000o\000c\000a\000l\000F\000i\000r\000s\000t\145\160\143\156\173\126\165\145\377\014\147\201\201\364\226\220\171\301}{subsection.10.2}% 151
\BOOKMARK [3][-]{subsubsection.10.2.3}{\376\377\116\256\160\271\0003\377\032\124\315\136\224\137\017\213\276\213\241\377\014\133\214\177\216\220\002\221\115}{subsection.10.2}% 152
\BOOKMARK [3][-]{subsubsection.10.2.4}{\376\377\116\256\160\271\0004\377\032\152\041\127\127\123\026\147\266\147\204\377\014\146\023\116\216\142\151\134\125}{subsection.10.2}% 153
\BOOKMARK [3][-]{subsubsection.10.2.5}{\376\377\116\256\160\271\0005\377\032\146\172\200\375\145\160\143\156\131\007\116\375\377\014\226\366\145\160\143\156\116\042\131\061}{subsection.10.2}% 154
\BOOKMARK [1][-]{section.11}{\376\377\147\052\147\145\211\304\122\022}{}% 155
\BOOKMARK [2][-]{subsection.11.1}{\376\377\167\355\147\037\211\304\122\022\377\010\0003\000-\0006\116\052\147\010\377\011}{section.11}% 156
\BOOKMARK [2][-]{subsection.11.2}{\376\377\225\177\147\037\211\304\122\022\377\010\0006\000-\0001\0002\116\052\147\010\377\011}{section.11}% 157
\BOOKMARK [1][-]{section.12}{\376\377\213\304\131\324\155\113\213\325\143\007\137\025}{}% 158
\BOOKMARK [2][-]{subsection.12.1}{\376\377\137\353\220\037\137\000\131\313}{section.12}% 159
\BOOKMARK [2][-]{subsection.12.2}{\376\377\155\113\213\325\215\046\123\367\117\341\140\157}{section.12}% 160
\BOOKMARK [2][-]{subsection.12.3}{\376\377\150\070\137\303\122\237\200\375\155\113\213\325\155\101\172\013}{section.12}% 161
\BOOKMARK [3][-]{subsubsection.12.3.1}{\376\377\0001\000.\000\040\000A\000I\146\172\200\375\225\356\173\124\155\113\213\325}{subsection.12.3}% 162
\BOOKMARK [3][-]{subsubsection.12.3.2}{\376\377\0002\000.\000\040\150\041\126\355\130\231\171\076\116\244\155\113\213\325}{subsection.12.3}% 163
\BOOKMARK [3][-]{subsubsection.12.3.3}{\376\377\0003\000.\000\040\123\321\163\260\147\013\123\313\155\113\213\325}{subsection.12.3}% 164
\BOOKMARK [3][-]{subsubsection.12.3.4}{\376\377\0004\000.\000\040\213\376\172\013\210\150\173\241\164\006\155\113\213\325}{subsection.12.3}% 165
\BOOKMARK [3][-]{subsubsection.12.3.5}{\376\377\0005\000.\000\040\155\210\140\157\174\373\176\337\155\113\213\325}{subsection.12.3}% 166
\BOOKMARK [3][-]{subsubsection.12.3.6}{\376\377\0006\000.\000\040\000P\000W\000A\171\273\176\277\122\237\200\375\155\113\213\325}{subsection.12.3}% 167
\BOOKMARK [2][-]{subsection.12.4}{\376\377\154\350\141\017\116\213\230\171}{section.12}% 168
\BOOKMARK [2][-]{subsection.12.5}{\376\377\121\166\116\326\122\237\200\375\134\125\171\072}{section.12}% 169
\BOOKMARK [3][-]{subsubsection.12.5.1}{\376\377\220\032\167\345\116\055\137\303}{subsection.12.5}% 170
\BOOKMARK [3][-]{subsubsection.12.5.2}{\376\377\150\041\126\355\121\154\166\312\122\337\143\120}{subsection.12.5}% 171
\BOOKMARK [3][-]{subsubsection.12.5.3}{\376\377\116\214\142\113\236\321\136\002}{subsection.12.5}% 172
\BOOKMARK [3][-]{subsubsection.12.5.4}{\376\377\131\034\121\111\152\041\137\017}{subsection.12.5}% 173
\BOOKMARK [3][-]{subsubsection.12.5.5}{\376\377\136\026\133\120\213\304\213\272\116\244\116\222}{subsection.12.5}% 174
\BOOKMARK [1][-]{section.13}{\376\377\140\073\176\323}{}% 175
