\BOOKMARK [1][-]{section.1}{\376\377\160\165\141\037\147\145\156\220\116\016\211\343\121\263\166\204\225\356\230\230}{}% 1
\BOOKMARK [2][-]{subsection.1.1}{\376\377\160\165\141\037\147\145\156\220}{section.1}% 2
\BOOKMARK [2][-]{subsection.1.2}{\376\377\211\343\121\263\166\204\150\070\137\303\225\356\230\230}{section.1}% 3
\BOOKMARK [3][-]{subsubsection.1.2.1}{\376\377\225\356\230\230\000\040\0001\377\032\150\041\126\355\147\015\122\241\117\341\140\157\203\267\123\326\126\360\226\276}{subsection.1.2}% 4
\BOOKMARK [3][-]{subsubsection.1.2.2}{\376\377\225\356\230\230\000\040\0002\377\032\150\041\126\355\171\076\116\244\156\040\220\123\147\011\226\120}{subsection.1.2}% 5
\BOOKMARK [3][-]{subsubsection.1.2.3}{\376\377\225\356\230\230\000\040\0003\377\032\133\146\116\140\116\373\122\241\173\241\164\006\155\367\116\161}{subsection.1.2}% 6
\BOOKMARK [3][-]{subsubsection.1.2.4}{\376\377\225\356\230\230\000\040\0004\377\032\131\032\213\276\131\007\117\177\165\050\116\015\117\277}{subsection.1.2}% 7
\BOOKMARK [1][-]{section.2}{\376\377\166\356\150\007\165\050\142\067\165\073\120\317}{}% 8
\BOOKMARK [2][-]{subsection.2.1}{\376\377\150\070\137\303\165\050\142\067\177\244\117\123}{section.2}% 9
\BOOKMARK [2][-]{subsection.2.2}{\376\377\165\050\142\067\227\000\154\102\134\102\153\041}{section.2}% 10
\BOOKMARK [1][-]{section.3}{\376\377\150\070\137\303\122\237\200\375\122\027\210\150}{}% 11
\BOOKMARK [2][-]{subsection.3.1}{\376\377\146\172\200\375\225\356\173\124\174\373\176\337}{section.3}% 12
\BOOKMARK [2][-]{subsection.3.2}{\376\377\150\041\126\355\130\231\171\076\116\244\174\373\176\337}{section.3}% 13
\BOOKMARK [3][-]{subsubsection.3.2.1}{\376\377\136\026\133\120\123\321\136\003}{subsection.3.2}% 14
\BOOKMARK [3][-]{subsubsection.3.2.2}{\376\377\160\271\215\136\174\373\176\337}{subsection.3.2}% 15
\BOOKMARK [3][-]{subsubsection.3.2.3}{\376\377\145\066\205\317\174\373\176\337}{subsection.3.2}% 16
\BOOKMARK [3][-]{subsubsection.3.2.4}{\376\377\213\304\213\272\174\373\176\337}{subsection.3.2}% 17
\BOOKMARK [3][-]{subsubsection.3.2.5}{\376\377\171\076\116\244\116\222\122\250}{subsection.3.2}% 18
\BOOKMARK [2][-]{subsection.3.3}{\376\377\123\321\163\260\147\013\123\313\174\373\176\337}{section.3}% 19
\BOOKMARK [2][-]{subsection.3.4}{\376\377\213\376\172\013\210\150\173\241\164\006}{section.3}% 20
\BOOKMARK [2][-]{subsection.3.5}{\376\377\155\210\140\157\174\373\176\337}{section.3}% 21
\BOOKMARK [2][-]{subsection.3.6}{\376\377\000P\000W\000A\000\040\136\224\165\050}{section.3}% 22
\BOOKMARK [2][-]{subsection.3.7}{\376\377\165\050\142\067\174\373\176\337}{section.3}% 23
\BOOKMARK [2][-]{subsection.3.8}{\376\377\145\160\143\156\173\241\164\006}{section.3}% 24
\BOOKMARK [1][-]{section.4}{\376\377\142\200\147\057\147\266\147\204\173\200\116\313}{}% 25
\BOOKMARK [2][-]{subsection.4.1}{\376\377\145\164\117\123\147\266\147\204}{section.4}% 26
\BOOKMARK [2][-]{subsection.4.2}{\376\377\142\200\147\057\150\010}{section.4}% 27
\BOOKMARK [3][-]{subsubsection.4.2.1}{\376\377\122\115\172\357\150\106\147\266}{subsection.4.2}% 28
\BOOKMARK [3][-]{subsubsection.4.2.2}{\376\377\150\070\137\303\136\223}{subsection.4.2}% 29
\BOOKMARK [3][-]{subsubsection.4.2.3}{\376\377\145\160\143\156\133\130\120\250}{subsection.4.2}% 30
\BOOKMARK [3][-]{subsubsection.4.2.4}{\376\377\000P\000W\000A\000\040\142\200\147\057}{subsection.4.2}% 31
\BOOKMARK [3][-]{subsubsection.4.2.5}{\376\377\155\117\211\310\126\150\000\040\000A\000P\000I}{subsection.4.2}% 32
\BOOKMARK [2][-]{subsection.4.3}{\376\377\152\041\127\127\123\026\147\266\147\204}{section.4}% 33
\BOOKMARK [2][-]{subsection.4.4}{\376\377\145\160\143\156\176\323\147\204\213\276\213\241}{section.4}% 34
\BOOKMARK [3][-]{subsubsection.4.4.1}{\376\377\150\070\137\303\145\160\143\156\152\041\127\213}{subsection.4.4}% 35
\BOOKMARK [2][-]{subsection.4.5}{\376\377\140\047\200\375\117\030\123\026}{section.4}% 36
\BOOKMARK [1][-]{section.5}{\376\377\126\342\226\037\122\006\135\345}{}% 37
\BOOKMARK [2][-]{subsection.5.1}{\376\377\211\322\202\162\122\006\135\345}{section.5}% 38
\BOOKMARK [1][-]{section.6}{\376\377\136\224\165\050\142\052\126\376}{}% 39
\BOOKMARK [2][-]{subsection.6.1}{\376\377\150\070\137\303\165\114\227\142\142\052\126\376\213\364\146\016}{section.6}% 40
\BOOKMARK [3][-]{subsubsection.6.1.1}{\376\377\116\073\165\114\227\142\000\040\000-\000\040\146\172\200\375\133\371\213\335}{subsection.6.1}% 41
\BOOKMARK [3][-]{subsubsection.6.1.2}{\376\377\150\041\126\355\130\231\000\040\000-\000\040\136\026\133\120\122\027\210\150}{subsection.6.1}% 42
\BOOKMARK [3][-]{subsubsection.6.1.3}{\376\377\150\041\126\355\130\231\000\040\000-\000\040\136\026\133\120\213\346\140\305}{subsection.6.1}% 43
\BOOKMARK [3][-]{subsubsection.6.1.4}{\376\377\123\321\163\260\147\013\123\313\000\040\000-\000\040\143\250\203\120\122\027\210\150}{subsection.6.1}% 44
\BOOKMARK [3][-]{subsubsection.6.1.5}{\376\377\213\376\172\013\210\150\000\040\000-\000\040\124\150\211\306\126\376}{subsection.6.1}% 45
\BOOKMARK [1][-]{section.7}{\376\377\230\171\166\356\116\256\160\271\116\016\122\033\145\260}{}% 46
\BOOKMARK [2][-]{subsection.7.1}{\376\377\150\070\137\303\122\033\145\260\160\271}{section.7}% 47
\BOOKMARK [2][-]{subsection.7.2}{\376\377\142\200\147\057\116\256\160\271}{section.7}% 48
\BOOKMARK [1][-]{section.8}{\376\377\147\052\147\145\211\304\122\022}{}% 49
\BOOKMARK [2][-]{subsection.8.1}{\376\377\167\355\147\037\117\030\123\026}{section.8}% 50
\BOOKMARK [2][-]{subsection.8.2}{\376\377\225\177\147\037\211\304\122\022}{section.8}% 51
\BOOKMARK [1][-]{section.9}{\376\377\140\073\176\323}{}% 52
